Archive member included to satisfy reference by file (symbol)

C:\Users\gomond\OneDrive\Documents\GitHub\ELOX_EDM_Controller\Middlewares\ST\touchgfx\lib\core\cortex_m7\gcc\libtouchgfx-float-abi-hard.a(AbstractPartition.o)
                              ./TouchGFX/target/generated/TouchGFXConfiguration.o (touchgfx::AbstractPartition::getAllocationCount() const)
C:\Users\gomond\OneDrive\Documents\GitHub\ELOX_EDM_Controller\Middlewares\ST\touchgfx\lib\core\cortex_m7\gcc\libtouchgfx-float-abi-hard.a(Container.o)
                              ./TouchGFX/generated/gui_generated/src/screen_screen/screenViewBase.o (touchgfx::Container::contains(touchgfx::Drawable const&))
C:\Users\gomond\OneDrive\Documents\GitHub\ELOX_EDM_Controller\Middlewares\ST\touchgfx\lib\core\cortex_m7\gcc\libtouchgfx-float-abi-hard.a(HAL.o)
                              ./TouchGFX/target/TouchGFXHAL.o (touchgfx::HAL::FRAME_BUFFER_WIDTH)
C:\Users\gomond\OneDrive\Documents\GitHub\ELOX_EDM_Controller\Middlewares\ST\touchgfx\lib\core\cortex_m7\gcc\libtouchgfx-float-abi-hard.a(DMA.o)
                              ./TouchGFX/target/generated/STM32DMA.o (touchgfx::DMA_Interface::seedExecution())
C:\Users\gomond\OneDrive\Documents\GitHub\ELOX_EDM_Controller\Middlewares\ST\touchgfx\lib\core\cortex_m7\gcc\libtouchgfx-float-abi-hard.a(ToggleButton.o)
                              ./TouchGFX/generated/gui_generated/src/screen_screen/screenViewBase.o (vtable for touchgfx::ToggleButton)
C:\Users\gomond\OneDrive\Documents\GitHub\ELOX_EDM_Controller\Middlewares\ST\touchgfx\lib\core\cortex_m7\gcc\libtouchgfx-float-abi-hard.a(SnapshotWidget.o)
                              ./TouchGFX/generated/gui_generated/src/common/FrontendApplicationBase.o (touchgfx::SnapshotWidget::makeSnapshot())
C:\Users\gomond\OneDrive\Documents\GitHub\ELOX_EDM_Controller\Middlewares\ST\touchgfx\lib\core\cortex_m7\gcc\libtouchgfx-float-abi-hard.a(TextArea.o)
                              ./TouchGFX/generated/gui_generated/src/screen_screen/screenViewBase.o (touchgfx::TextArea::getAlignment() const)
C:\Users\gomond\OneDrive\Documents\GitHub\ELOX_EDM_Controller\Middlewares\ST\touchgfx\lib\core\cortex_m7\gcc\libtouchgfx-float-abi-hard.a(Box.o)
                              ./TouchGFX/generated/gui_generated/src/screen1_screen/Screen1ViewBase.o (vtable for touchgfx::Box)
C:\Users\gomond\OneDrive\Documents\GitHub\ELOX_EDM_Controller\Middlewares\ST\touchgfx\lib\core\cortex_m7\gcc\libtouchgfx-float-abi-hard.a(Button.o)
                              ./TouchGFX/generated/gui_generated/src/screen1_screen/Screen1ViewBase.o (touchgfx::Button::setBitmaps(touchgfx::Bitmap const&, touchgfx::Bitmap const&))
C:\Users\gomond\OneDrive\Documents\GitHub\ELOX_EDM_Controller\Middlewares\ST\touchgfx\lib\core\cortex_m7\gcc\libtouchgfx-float-abi-hard.a(TextAreaWithWildcard.o)
                              ./TouchGFX/generated/gui_generated/src/screen_screen/screenViewBase.o (touchgfx::TextAreaWithWildcardBase::draw(touchgfx::Rect const&) const)
C:\Users\gomond\OneDrive\Documents\GitHub\ELOX_EDM_Controller\Middlewares\ST\touchgfx\lib\core\cortex_m7\gcc\libtouchgfx-float-abi-hard.a(BoxWithBorder.o)
                              ./TouchGFX/generated/gui_generated/src/screen_screen/screenViewBase.o (vtable for touchgfx::BoxWithBorder)
C:\Users\gomond\OneDrive\Documents\GitHub\ELOX_EDM_Controller\Middlewares\ST\touchgfx\lib\core\cortex_m7\gcc\libtouchgfx-float-abi-hard.a(ButtonWithLabel.o)
                              ./TouchGFX/generated/gui_generated/src/screen1_screen/Screen1ViewBase.o (touchgfx::ButtonWithLabel::ButtonWithLabel())
C:\Users\gomond\OneDrive\Documents\GitHub\ELOX_EDM_Controller\Middlewares\ST\touchgfx\lib\core\cortex_m7\gcc\libtouchgfx-float-abi-hard.a(Keyboard.o)
                              ./TouchGFX/gui/src/common/CustomKeyboard.o (touchgfx::Keyboard::Keyboard())
C:\Users\gomond\OneDrive\Documents\GitHub\ELOX_EDM_Controller\Middlewares\ST\touchgfx\lib\core\cortex_m7\gcc\libtouchgfx-float-abi-hard.a(LCD.o)
                              C:\Users\gomond\OneDrive\Documents\GitHub\ELOX_EDM_Controller\Middlewares\ST\touchgfx\lib\core\cortex_m7\gcc\libtouchgfx-float-abi-hard.a(TextArea.o) (touchgfx::LCD::stringWidth(touchgfx::TextProvider&, touchgfx::Font const&, int, unsigned char))
C:\Users\gomond\OneDrive\Documents\GitHub\ELOX_EDM_Controller\Middlewares\ST\touchgfx\lib\core\cortex_m7\gcc\libtouchgfx-float-abi-hard.a(TouchCalibration.o)
                              C:\Users\gomond\OneDrive\Documents\GitHub\ELOX_EDM_Controller\Middlewares\ST\touchgfx\lib\core\cortex_m7\gcc\libtouchgfx-float-abi-hard.a(HAL.o) (touchgfx::TouchCalibration::translatePoint(touchgfx::Point&))
C:\Users\gomond\OneDrive\Documents\GitHub\ELOX_EDM_Controller\Middlewares\ST\touchgfx\lib\core\cortex_m7\gcc\libtouchgfx-float-abi-hard.a(DisplayTransformation.o)
[...]
Memory Configuration

Name             Origin             Length             Attributes
DTCMRAM          0x20000000         0x00020000         xrw
ITCMRAM          0x00000000         0x00010000         xrw
RAM_D1           0x24000000         0x00080000         xrw
RAM_D2           0x30000000         0x00048000         xrw
RAM_D3           0x38000000         0x00010000         xrw
FLASH            0x08000000         0x00200000         xr
*default*        0x00000000         0xffffffff

Linker script and memory map

LOAD C:/Program Files/arm-gnu-toolchain-14.3.rel1-mingw-w64-i686-arm-none-eabi/bin/../lib/gcc/arm-none-eabi/14.3.1/thumb/v7e-m+dp/hard/crti.o
LOAD C:/Program Files/arm-gnu-toolchain-14.3.rel1-mingw-w64-i686-arm-none-eabi/bin/../lib/gcc/arm-none-eabi/14.3.1/thumb/v7e-m+dp/hard/crtbegin.o
LOAD C:/Program Files/arm-gnu-toolchain-14.3.rel1-mingw-w64-i686-arm-none-eabi/bin/../lib/gcc/arm-none-eabi/14.3.1/../../../../arm-none-eabi/lib/thumb/v7e-m+dp/hard/crt0.o
LOAD ./Core/Src/BSP_RGB_LCD.o
LOAD ./Core/Src/BSP_SDRAM.o
LOAD ./Core/Src/crc.o
LOAD ./Core/Src/dma2d.o
LOAD ./Core/Src/fmc.o
LOAD ./Core/Src/gpio.o
LOAD ./Core/Src/ltdc.o
LOAD ./Core/Src/main.o
LOAD ./Core/Src/stm32h7xx_hal_msp.o
LOAD ./Core/Src/stm32h7xx_it.o
LOAD ./Core/Src/syscalls.o
LOAD ./Core/Src/sysmem.o
LOAD ./Core/Src/system_stm32h7xx.o
LOAD ./Core/Src/tim.o
LOAD ./Core/Src/usart.o
LOAD ./Core/Startup/startup_stm32h743iitx.o
LOAD ./Core/ThreadSafe/newlib_lock_glue.o
LOAD ./Core/User/Config/DEV_Config.o
LOAD ./Core/User/GT911/Analog_I2C.o
LOAD ./Core/User/GT911/GT911.o
LOAD ./Drivers/STM32H7xx_HAL_Driver/Src/stm32h7xx_hal.o
LOAD ./Drivers/STM32H7xx_HAL_Driver/Src/stm32h7xx_hal_cortex.o
LOAD ./Drivers/STM32H7xx_HAL_Driver/Src/stm32h7xx_hal_crc.o
LOAD ./Drivers/STM32H7xx_HAL_Driver/Src/stm32h7xx_hal_crc_ex.o
LOAD ./Drivers/STM32H7xx_HAL_Driver/Src/stm32h7xx_hal_dma.o
LOAD ./Drivers/STM32H7xx_HAL_Driver/Src/stm32h7xx_hal_dma2d.o
LOAD ./Drivers/STM32H7xx_HAL_Driver/Src/stm32h7xx_hal_dma_ex.o
LOAD ./Drivers/STM32H7xx_HAL_Driver/Src/stm32h7xx_hal_dsi.o
LOAD ./Drivers/STM32H7xx_HAL_Driver/Src/stm32h7xx_hal_exti.o
LOAD ./Drivers/STM32H7xx_HAL_Driver/Src/stm32h7xx_hal_flash.o
LOAD ./Drivers/STM32H7xx_HAL_Driver/Src/stm32h7xx_hal_flash_ex.o
LOAD ./Drivers/STM32H7xx_HAL_Driver/Src/stm32h7xx_hal_gpio.o
LOAD ./Drivers/STM32H7xx_HAL_Driver/Src/stm32h7xx_hal_hsem.o
LOAD ./Drivers/STM32H7xx_HAL_Driver/Src/stm32h7xx_hal_i2c.o
LOAD ./Drivers/STM32H7xx_HAL_Driver/Src/stm32h7xx_hal_i2c_ex.o
LOAD ./Drivers/STM32H7xx_HAL_Driver/Src/stm32h7xx_hal_ltdc.o
LOAD ./Drivers/STM32H7xx_HAL_Driver/Src/stm32h7xx_hal_ltdc_ex.o
LOAD ./Drivers/STM32H7xx_HAL_Driver/Src/stm32h7xx_hal_mdma.o
LOAD ./Drivers/STM32H7xx_HAL_Driver/Src/stm32h7xx_hal_nand.o
LOAD ./Drivers/STM32H7xx_HAL_Driver/Src/stm32h7xx_hal_nor.o
LOAD ./Drivers/STM32H7xx_HAL_Driver/Src/stm32h7xx_hal_pwr.o
LOAD ./Drivers/STM32H7xx_HAL_Driver/Src/stm32h7xx_hal_pwr_ex.o
LOAD ./Drivers/STM32H7xx_HAL_Driver/Src/stm32h7xx_hal_rcc.o
LOAD ./Drivers/STM32H7xx_HAL_Driver/Src/stm32h7xx_hal_rcc_ex.o
LOAD ./Drivers/STM32H7xx_HAL_Driver/Src/stm32h7xx_hal_sdram.o
LOAD ./Drivers/STM32H7xx_HAL_Driver/Src/stm32h7xx_hal_sram.o
LOAD ./Drivers/STM32H7xx_HAL_Driver/Src/stm32h7xx_hal_tim.o
LOAD ./Drivers/STM32H7xx_HAL_Driver/Src/stm32h7xx_hal_tim_ex.o
LOAD ./Drivers/STM32H7xx_HAL_Driver/Src/stm32h7xx_hal_uart.o
LOAD ./Drivers/STM32H7xx_HAL_Driver/Src/stm32h7xx_hal_uart_ex.o
LOAD ./Drivers/STM32H7xx_HAL_Driver/Src/stm32h7xx_ll_fmc.o
LOAD ./TouchGFX/App/app_touchgfx.o
LOAD ./TouchGFX/generated/fonts/src/ApplicationFontProvider.o
LOAD ./TouchGFX/generated/fonts/src/CachedFont.o
LOAD ./TouchGFX/generated/fonts/src/FontCache.o
LOAD ./TouchGFX/generated/fonts/src/Font_verdana_100_4bpp_0.o
LOAD ./TouchGFX/generated/fonts/src/Font_verdana_10_4bpp_0.o
LOAD ./TouchGFX/generated/fonts/src/Font_verdana_20_4bpp_0.o
LOAD ./TouchGFX/generated/fonts/src/Font_verdana_20_4bpp_4.o
LOAD ./TouchGFX/generated/fonts/src/Font_verdana_40_4bpp_0.o
LOAD ./TouchGFX/generated/fonts/src/GeneratedFont.o
LOAD ./TouchGFX/generated/fonts/src/Kerning_verdana_100_4bpp.o
LOAD ./TouchGFX/generated/fonts/src/Kerning_verdana_10_4bpp.o
LOAD ./TouchGFX/generated/fonts/src/Kerning_verdana_20_4bpp.o
LOAD ./TouchGFX/generated/fonts/src/Kerning_verdana_40_4bpp.o
LOAD ./TouchGFX/generated/fonts/src/Table_verdana_100_4bpp.o
LOAD ./TouchGFX/generated/fonts/src/Table_verdana_10_4bpp.o
LOAD ./TouchGFX/generated/fonts/src/Table_verdana_20_4bpp.o
LOAD ./TouchGFX/generated/fonts/src/Table_verdana_40_4bpp.o
LOAD ./TouchGFX/generated/fonts/src/UnmappedDataFont.o
LOAD ./TouchGFX/generated/fonts/src/VectorFontRendererBuffers.o
LOAD ./TouchGFX/generated/gui_generated/src/common/FrontendApplicationBase.o
LOAD ./TouchGFX/generated/gui_generated/src/screen1_screen/Screen1ViewBase.o
LOAD ./TouchGFX/generated/gui_generated/src/screen_screen/screenViewBase.o
LOAD ./TouchGFX/generated/images/src/BitmapDatabase.o
LOAD ./TouchGFX/generated/images/src/SVGDatabase.o
LOAD ./TouchGFX/generated/images/src/image_icon_keyboard_even_row.o
LOAD ./TouchGFX/generated/images/src/image_icon_keyboard_highlighted.o
LOAD ./TouchGFX/generated/images/src/image_icon_keyboard_odd_row.o
LOAD ./TouchGFX/generated/images/src/image_keyboard_background.o
LOAD ./TouchGFX/generated/images/src/image_keyboard_key_delete_highlighted.o
LOAD ./TouchGFX/generated/images/src/image_keyboard_key_highlighted.o
LOAD ./TouchGFX/generated/images/src/image_keyboard_key_num_highlighted.o
LOAD ./TouchGFX/generated/images/src/image_keyboard_key_shift_highlighted.o
LOAD ./TouchGFX/generated/images/src/image_keyboard_space_highlighted.o
LOAD ./TouchGFX/generated/images/src/__designer/image_Blue_Buttons_Round_large.o
LOAD ./TouchGFX/generated/images/src/__designer/image_Blue_Buttons_Round_large_pressed.o
LOAD ./TouchGFX/generated/images/src/__generated/image_alternate_theme_images_widgets_button_regular_height_36_tiny_round_normal.o
LOAD ./TouchGFX/generated/images/src/__generated/image_alternate_theme_images_widgets_button_regular_height_36_tiny_round_pressed.o
LOAD ./TouchGFX/generated/images/src/__generated/image_alternate_theme_images_widgets_button_regular_height_50_medium_rounded_normal.o
LOAD ./TouchGFX/generated/images/src/__generated/image_alternate_theme_images_widgets_button_regular_height_50_medium_rounded_pressed.o
LOAD ./TouchGFX/generated/images/src/__generated/image_alternate_theme_images_widgets_button_regular_height_50_small_round_inactive.o
LOAD ./TouchGFX/generated/images/src/__generated/image_alternate_theme_images_widgets_button_regular_height_50_small_round_normal.o
LOAD ./TouchGFX/generated/images/src/__generated/image_alternate_theme_images_widgets_button_regular_height_50_tiny_round_normal.o
LOAD ./TouchGFX/generated/images/src/__generated/image_alternate_theme_images_widgets_button_regular_height_50_tiny_round_pressed.o
LOAD ./TouchGFX/generated/images/src/__generated/image_alternate_theme_images_widgets_togglebutton_medium_rounded_off_light.o
LOAD ./TouchGFX/generated/images/src/__generated/image_alternate_theme_images_widgets_togglebutton_medium_rounded_on_normal.o
LOAD ./TouchGFX/generated/texts/src/LanguageGb.o
LOAD ./TouchGFX/generated/texts/src/Texts.o
LOAD ./TouchGFX/generated/texts/src/TypedTextDatabase.o
LOAD ./TouchGFX/gui/src/common/CustomKeyboard.o
LOAD ./TouchGFX/gui/src/common/FrontendApplication.o
LOAD ./TouchGFX/gui/src/model/Model.o
LOAD ./TouchGFX/gui/src/screen1_screen/Screen1Presenter.o
LOAD ./TouchGFX/gui/src/screen1_screen/Screen1View.o
LOAD ./TouchGFX/gui/src/screen_screen/screenPresenter.o
LOAD ./TouchGFX/gui/src/screen_screen/screenView.o
LOAD ./TouchGFX/target/STM32TouchController.o
LOAD ./TouchGFX/target/TouchGFXGPIO.o
LOAD ./TouchGFX/target/TouchGFXHAL.o
LOAD ./TouchGFX/target/generated/OSWrappers.o
LOAD ./TouchGFX/target/generated/STM32DMA.o
LOAD ./TouchGFX/target/generated/TouchGFXConfiguration.o
LOAD ./TouchGFX/target/generated/TouchGFXGeneratedHAL.o
LOAD C:\Users\gomond\OneDrive\Documents\GitHub\ELOX_EDM_Controller\Middlewares\ST\touchgfx\lib\core\cortex_m7\gcc\libtouchgfx-float-abi-hard.a
START GROUP
LOAD C:/Program Files/arm-gnu-toolchain-14.3.rel1-mingw-w64-i686-arm-none-eabi/bin/../lib/gcc/arm-none-eabi/14.3.1/../../../../arm-none-eabi/lib/thumb/v7e-m+dp/hard\libstdc++_nano.a
LOAD C:/Program Files/arm-gnu-toolchain-14.3.rel1-mingw-w64-i686-arm-none-eabi/bin/../lib/gcc/arm-none-eabi/14.3.1/../../../../arm-none-eabi/lib/thumb/v7e-m+dp/hard\libsupc++_nano.a
END GROUP
LOAD C:/Program Files/arm-gnu-toolchain-14.3.rel1-mingw-w64-i686-arm-none-eabi/bin/../lib/gcc/arm-none-eabi/14.3.1/../../../../arm-none-eabi/lib/thumb/v7e-m+dp/hard\libstdc++_nano.a
LOAD C:/Program Files/arm-gnu-toolchain-14.3.rel1-mingw-w64-i686-arm-none-eabi/bin/../lib/gcc/arm-none-eabi/14.3.1/../../../../arm-none-eabi/lib/thumb/v7e-m+dp/hard\libm.a
LOAD C:/Program Files/arm-gnu-toolchain-14.3.rel1-mingw-w64-i686-arm-none-eabi/bin/../lib/gcc/arm-none-eabi/14.3.1/../../../../arm-none-eabi/lib/thumb/v7e-m+dp/hard\libc_nano.a
START GROUP
LOAD C:/Program Files/arm-gnu-toolchain-14.3.rel1-mingw-w64-i686-arm-none-eabi/bin/../lib/gcc/arm-none-eabi/14.3.1/thumb/v7e-m+dp/hard\libgcc.a
LOAD C:/Program Files/arm-gnu-toolchain-14.3.rel1-mingw-w64-i686-arm-none-eabi/bin/../lib/gcc/arm-none-eabi/14.3.1/../../../../arm-none-eabi/lib/thumb/v7e-m+dp/hard\libc_nano.a
END GROUP
START GROUP
LOAD C:/Program Files/arm-gnu-toolchain-14.3.rel1-mingw-w64-i686-arm-none-eabi/bin/../lib/gcc/arm-none-eabi/14.3.1/thumb/v7e-m+dp/hard\libgcc.a
LOAD C:/Program Files/arm-gnu-toolchain-14.3.rel1-mingw-w64-i686-arm-none-eabi/bin/../lib/gcc/arm-none-eabi/14.3.1/../../../../arm-none-eabi/lib/thumb/v7e-m+dp/hard\libc_nano.a
LOAD C:/Program Files/arm-gnu-toolchain-14.3.rel1-mingw-w64-i686-arm-none-eabi/bin/../lib/gcc/arm-none-eabi/14.3.1/../../../../arm-none-eabi/lib/thumb/v7e-m+dp/hard\libnosys.a
END GROUP
START GROUP
LOAD C:/Program Files/arm-gnu-toolchain-14.3.rel1-mingw-w64-i686-arm-none-eabi/bin/../lib/gcc/arm-none-eabi/14.3.1/thumb/v7e-m+dp/hard\libgcc.a
LOAD C:/Program Files/arm-gnu-toolchain-14.3.rel1-mingw-w64-i686-arm-none-eabi/bin/../lib/gcc/arm-none-eabi/14.3.1/../../../../arm-none-eabi/lib/thumb/v7e-m+dp/hard\libc_nano.a
LOAD C:/Program Files/arm-gnu-toolchain-14.3.rel1-mingw-w64-i686-arm-none-eabi/bin/../lib/gcc/arm-none-eabi/14.3.1/../../../../arm-none-eabi/lib/thumb/v7e-m+dp/hard\libnosys.a
END GROUP
LOAD C:/Program Files/arm-gnu-toolchain-14.3.rel1-mingw-w64-i686-arm-none-eabi/bin/../lib/gcc/arm-none-eabi/14.3.1/thumb/v7e-m+dp/hard/crtend.o
LOAD C:/Program Files/arm-gnu-toolchain-14.3.rel1-mingw-w64-i686-arm-none-eabi/bin/../lib/gcc/arm-none-eabi/14.3.1/thumb/v7e-m+dp/hard/crtn.o
                0x24080000                        _estack = (ORIGIN (RAM_D1) + LENGTH (RAM_D1))
                0x00000800                        _Min_Heap_Size = 0x800
                0x00001000                        _Min_Stack_Size = 0x1000

.isr_vector     0x08000000      0x298
                0x08000000                        . = ALIGN (0x4)
 *(.isr_vector)
 .isr_vector    0x08000000      0x298 ./Core/Startup/startup_stm32h743iitx.o
                0x08000000                g_pfnVectors
                0x08000298                        . = ALIGN (0x4)

.text           0x080002a0    0x1fb78
                0x080002a0                        . = ALIGN (0x4)
 *(.text)
 .text          0x080002a0       0xa0 C:/Program Files/arm-gnu-toolchain-14.3.rel1-mingw-w64-i686-arm-none-eabi/bin/../lib/gcc/arm-none-eabi/14.3.1/../../../../arm-none-eabi/lib/thumb/v7e-m+dp/hard\libc_nano.a(libc_a-memchr.o)
                0x080002a0                memchr
 .text          0x08000340       0x30 C:/Program Files/arm-gnu-toolchain-14.3.rel1-mingw-w64-i686-arm-none-eabi/bin/../lib/gcc/arm-none-eabi/14.3.1/thumb/v7e-m+dp/hard\libgcc.a(_aeabi_uldivmod.o)
                0x08000340                __aeabi_uldivmod
 .text          0x08000370        0x4 C:/Program Files/arm-gnu-toolchain-14.3.rel1-mingw-w64-i686-arm-none-eabi/bin/../lib/gcc/arm-none-eabi/14.3.1/thumb/v7e-m+dp/hard\libgcc.a(_dvmd_tls.o)
                0x08000370                __aeabi_idiv0
                0x08000370                __aeabi_ldiv0
 *(.text*)
 .text.deregister_tm_clones
                0x08000374       0x1c C:/Program Files/arm-gnu-toolchain-14.3.rel1-mingw-w64-i686-arm-none-eabi/bin/../lib/gcc/arm-none-eabi/14.3.1/thumb/v7e-m+dp/hard/crtbegin.o
 .text.register_tm_clones
                0x08000390       0x24 C:/Program Files/arm-gnu-toolchain-14.3.rel1-mingw-w64-i686-arm-none-eabi/bin/../lib/gcc/arm-none-eabi/14.3.1/thumb/v7e-m+dp/hard/crtbegin.o
 .text.__do_global_dtors_aux
                0x080003b4       0x28 C:/Program Files/arm-gnu-toolchain-14.3.rel1-mingw-w64-i686-arm-none-eabi/bin/../lib/gcc/arm-none-eabi/14.3.1/thumb/v7e-m+dp/hard/crtbegin.o
 .text.frame_dummy
                0x080003dc       0x24 C:/Program Files/arm-gnu-toolchain-14.3.rel1-mingw-w64-i686-arm-none-eabi/bin/../lib/gcc/arm-none-eabi/14.3.1/thumb/v7e-m+dp/hard/crtbegin.o
 .text.BSP_LCD_SetLayerVisible
                0x08000400       0x28 ./Core/Src/BSP_RGB_LCD.o
                0x08000400                BSP_LCD_SetLayerVisible
 .text.BSP_LCD_Init
                0x08000428       0x1c ./Core/Src/BSP_RGB_LCD.o
                0x08000428                BSP_LCD_Init
 .text.BSP_SDRAM_Initialization_sequence
                0x08000444       0x8c ./Core/Src/BSP_SDRAM.o
                0x08000444                BSP_SDRAM_Initialization_sequence
 .text.BSP_SDRAM_Init
                0x080004d0       0x28 ./Core/Src/BSP_SDRAM.o
                0x080004d0                BSP_SDRAM_Init
 .text.MX_CRC_Init
                0x080004f8       0x30 ./Core/Src/crc.o
                0x080004f8                MX_CRC_Init
 .text.HAL_CRC_MspInit
                0x08000528       0x30 ./Core/Src/crc.o
                0x08000528                HAL_CRC_MspInit
 .text.MX_DMA2D_Init
                0x08000558       0x48 ./Core/Src/dma2d.o
                0x08000558                MX_DMA2D_Init
 .text.HAL_DMA2D_MspInit
                0x080005a0       0x48 ./Core/Src/dma2d.o
                0x080005a0                HAL_DMA2D_MspInit
 .text.MX_FMC_Init
                0x080005e8       0x6c ./Core/Src/fmc.o
                0x080005e8                MX_FMC_Init
 .text.HAL_SDRAM_MspInit
                0x08000654       0xf8 ./Core/Src/fmc.o
                0x08000654                HAL_SDRAM_MspInit
 .text.MX_GPIO_Init
                0x0800074c      0x1a0 ./Core/Src/gpio.o
                0x0800074c                MX_GPIO_Init
 .text.MX_LTDC_Init
                0x080008ec       0xac ./Core/Src/ltdc.o
                0x080008ec                MX_LTDC_Init
 .text.HAL_LTDC_MspInit
                0x08000998      0x25c ./Core/Src/ltdc.o
                0x08000998                HAL_LTDC_MspInit
 .text.HAL_GPIO_EXTI_Callback
                0x08000bf4       0x14 ./Core/Src/main.o
                0x08000bf4                HAL_GPIO_EXTI_Callback
 .text.Error_Handler
                0x08000c08        0xc ./Core/Src/main.o
                0x08000c08                Error_Handler
 .text.SystemClock_Config
                0x08000c14       0xc0 ./Core/Src/main.o
                0x08000c14                SystemClock_Config
 .text.startup.main
                0x08000cd4      0x114 ./Core/Src/main.o
                0x08000cd4                main
 .text.HAL_MspInit
                0x08000de8       0x24 ./Core/Src/stm32h7xx_hal_msp.o
                0x08000de8                HAL_MspInit
 .text.NMI_Handler
                0x08000e0c        0x2 ./Core/Src/stm32h7xx_it.o
                0x08000e0c                NMI_Handler
 .text.HardFault_Handler
                0x08000e0e        0x2 ./Core/Src/stm32h7xx_it.o
                0x08000e0e                HardFault_Handler
 .text.MemManage_Handler
                0x08000e10        0x2 ./Core/Src/stm32h7xx_it.o
                0x08000e10                MemManage_Handler
 .text.BusFault_Handler
                0x08000e12        0x2 ./Core/Src/stm32h7xx_it.o
                0x08000e12                BusFault_Handler
 .text.UsageFault_Handler
                0x08000e14        0x2 ./Core/Src/stm32h7xx_it.o
                0x08000e14                UsageFault_Handler
 .text.SVC_Handler
                0x08000e16        0x2 ./Core/Src/stm32h7xx_it.o
                0x08000e16                SVC_Handler
 .text.DebugMon_Handler
                0x08000e18        0x2 ./Core/Src/stm32h7xx_it.o
                0x08000e18                DebugMon_Handler
 .text.PendSV_Handler
                0x08000e1a        0x2 ./Core/Src/stm32h7xx_it.o
                0x08000e1a                PendSV_Handler
 .text.SysTick_Handler
                0x08000e1c        0x4 ./Core/Src/stm32h7xx_it.o
                0x08000e1c                SysTick_Handler
 .text.EXTI9_5_IRQHandler
                0x08000e20        0x6 ./Core/Src/stm32h7xx_it.o
                0x08000e20                EXTI9_5_IRQHandler
 *fill*         0x08000e26        0x2 
 .text.FMC_IRQHandler
                0x08000e28        0xc ./Core/Src/stm32h7xx_it.o
                0x08000e28                FMC_IRQHandler
 .text.TIM5_IRQHandler
                0x08000e34        0xc ./Core/Src/stm32h7xx_it.o
                0x08000e34                TIM5_IRQHandler
 .text.LTDC_IRQHandler
                0x08000e40        0xc ./Core/Src/stm32h7xx_it.o
                0x08000e40                LTDC_IRQHandler
 .text.DMA2D_IRQHandler
                0x08000e4c        0xc ./Core/Src/stm32h7xx_it.o
                0x08000e4c                DMA2D_IRQHandler
 .text._write   0x08000e58       0x34 ./Core/Src/syscalls.o
                0x08000e58                _write
 .text._getpid  0x08000e8c        0x4 ./Core/Src/syscalls.o
                0x08000e8c                _getpid
 .text._kill    0x08000e90       0x10 ./Core/Src/syscalls.o
                0x08000e90                _kill
 .text._exit    0x08000ea0        0xc ./Core/Src/syscalls.o
                0x08000ea0                _exit
 .text._read    0x08000eac       0x1c ./Core/Src/syscalls.o
                0x08000eac                _read
 .text._close   0x08000ec8        0x6 ./Core/Src/syscalls.o
                0x08000ec8                _close
 .text._fstat   0x08000ece        0xa ./Core/Src/syscalls.o
                0x08000ece                _fstat
 .text._isatty  0x08000ed8        0x4 ./Core/Src/syscalls.o
                0x08000ed8                _isatty
 .text._lseek   0x08000edc        0x4 ./Core/Src/syscalls.o
                0x08000edc                _lseek
 .text._sbrk    0x08000ee0       0x3c ./Core/Src/sysmem.o
                0x08000ee0                _sbrk
 .text.SystemInit
                0x08000f1c       0xc8 ./Core/Src/system_stm32h7xx.o
                0x08000f1c                SystemInit
 .text.MX_TIM5_Init
                0x08000fe4       0x68 ./Core/Src/tim.o
                0x08000fe4                MX_TIM5_Init
 .text.HAL_TIM_PWM_MspInit
                0x0800104c       0x2c ./Core/Src/tim.o
                0x0800104c                HAL_TIM_PWM_MspInit
 .text.HAL_TIM_Encoder_MspInit
                0x08001078       0x80 ./Core/Src/tim.o
                0x08001078                HAL_TIM_Encoder_MspInit
 .text.HAL_TIM_MspPostInit
                0x080010f8       0x54 ./Core/Src/tim.o
                0x080010f8                HAL_TIM_MspPostInit
 .text.MX_TIM2_Init
                0x0800114c       0x80 ./Core/Src/tim.o
                0x0800114c                MX_TIM2_Init
 .text.MX_USART1_UART_Init
                0x080011cc       0x68 ./Core/Src/usart.o
                0x080011cc                MX_USART1_UART_Init
 .text.HAL_UART_MspInit
                0x08001234       0x94 ./Core/Src/usart.o
                0x08001234                HAL_UART_MspInit
 .text.Reset_Handler
                0x080012c8       0x50 ./Core/Startup/startup_stm32h743iitx.o
                0x080012c8                Reset_Handler
 .text.Default_Handler
                0x08001318        0x2 ./Core/Startup/startup_stm32h743iitx.o
                0x08001318                RTC_Alarm_IRQHandler
                0x08001318                EXTI2_IRQHandler
                0x08001318                TIM8_CC_IRQHandler
                0x08001318                HRTIM1_Master_IRQHandler
                0x08001318                UART8_IRQHandler
                0x08001318                SPI4_IRQHandler
                0x08001318                TIM1_CC_IRQHandler
                0x08001318                BDMA_Channel6_IRQHandler
                0x08001318                DMA2_Stream5_IRQHandler
                0x08001318                HRTIM1_FLT_IRQHandler
                0x08001318                JPEG_IRQHandler
                0x08001318                DMA1_Stream5_IRQHandler
                0x08001318                BDMA_Channel1_IRQHandler
                0x08001318                HRTIM1_TIMD_IRQHandler
                0x08001318                TAMP_STAMP_IRQHandler
                0x08001318                EXTI3_IRQHandler
                0x08001318                LPTIM4_IRQHandler
                0x08001318                TIM8_TRG_COM_TIM14_IRQHandler
                0x08001318                LPTIM2_IRQHandler
                0x08001318                DFSDM1_FLT1_IRQHandler
                0x08001318                DMAMUX2_OVR_IRQHandler
                0x08001318                TIM8_UP_TIM13_IRQHandler
                0x08001318                I2C3_ER_IRQHandler
                0x08001318                DFSDM1_FLT2_IRQHandler
                0x08001318                MDMA_IRQHandler
                0x08001318                LPTIM3_IRQHandler
                0x08001318                HSEM1_IRQHandler
                0x08001318                EXTI0_IRQHandler
                0x08001318                I2C2_EV_IRQHandler
                0x08001318                DMA1_Stream2_IRQHandler
                0x08001318                FPU_IRQHandler
                0x08001318                OTG_HS_WKUP_IRQHandler
                0x08001318                FDCAN1_IT1_IRQHandler
                0x08001318                LTDC_ER_IRQHandler
                0x08001318                DMA2_Stream2_IRQHandler
                0x08001318                HRTIM1_TIME_IRQHandler
                0x08001318                SPI1_IRQHandler
                0x08001318                TIM6_DAC_IRQHandler
                0x08001318                DCMI_IRQHandler
                0x08001318                HRTIM1_TIMC_IRQHandler
                0x08001318                DMA2_Stream3_IRQHandler
                0x08001318                SAI2_IRQHandler
                0x08001318                DFSDM1_FLT3_IRQHandler
                0x08001318                USART6_IRQHandler
                0x08001318                TIM17_IRQHandler
                0x08001318                USART3_IRQHandler
                0x08001318                BDMA_Channel7_IRQHandler
                0x08001318                LPTIM5_IRQHandler
                0x08001318                UART5_IRQHandler
                0x08001318                ADC3_IRQHandler
                0x08001318                DMA2_Stream0_IRQHandler
                0x08001318                TIM4_IRQHandler
                0x08001318                BDMA_Channel2_IRQHandler
                0x08001318                QUADSPI_IRQHandler
                0x08001318                I2C1_EV_IRQHandler
                0x08001318                DMA1_Stream6_IRQHandler
                0x08001318                DMAMUX1_OVR_IRQHandler
                0x08001318                DMA1_Stream1_IRQHandler
                0x08001318                TIM16_IRQHandler
                0x08001318                UART4_IRQHandler
                0x08001318                BDMA_Channel5_IRQHandler
                0x08001318                TIM3_IRQHandler
                0x08001318                RCC_IRQHandler
                0x08001318                TIM8_BRK_TIM12_IRQHandler
                0x08001318                TIM1_TRG_COM_IRQHandler
                0x08001318                Default_Handler
                0x08001318                ECC_IRQHandler
                0x08001318                CEC_IRQHandler
                0x08001318                EXTI15_10_IRQHandler
                0x08001318                BDMA_Channel0_IRQHandler
                0x08001318                ADC_IRQHandler
                0x08001318                DMA1_Stream7_IRQHandler
                0x08001318                HRTIM1_TIMA_IRQHandler
                0x08001318                SPI5_IRQHandler
                0x08001318                TIM7_IRQHandler
                0x08001318                SDMMC1_IRQHandler
                0x08001318                DMA2_Stream7_IRQHandler
                0x08001318                TIM15_IRQHandler
                0x08001318                PVD_AVD_IRQHandler
                0x08001318                I2C3_EV_IRQHandler
                0x08001318                RTC_WKUP_IRQHandler
                0x08001318                SAI3_IRQHandler
                0x08001318                ETH_WKUP_IRQHandler
                0x08001318                SPDIF_RX_IRQHandler
                0x08001318                SPI2_IRQHandler
                0x08001318                OTG_HS_EP1_IN_IRQHandler
                0x08001318                DMA1_Stream0_IRQHandler
                0x08001318                CRS_IRQHandler
                0x08001318                EXTI4_IRQHandler
                0x08001318                RNG_IRQHandler
                0x08001318                HRTIM1_TIMB_IRQHandler
                0x08001318                FDCAN2_IT1_IRQHandler
                0x08001318                ETH_IRQHandler
                0x08001318                TIM1_UP_IRQHandler
                0x08001318                BDMA_Channel4_IRQHandler
                0x08001318                OTG_HS_EP1_OUT_IRQHandler
                0x08001318                WWDG_IRQHandler
                0x08001318                SPI6_IRQHandler
                0x08001318                MDIOS_IRQHandler
                0x08001318                I2C4_EV_IRQHandler
                0x08001318                FDCAN2_IT0_IRQHandler
                0x08001318                LPUART1_IRQHandler
                0x08001318                FDCAN1_IT0_IRQHandler
                0x08001318                TIM2_IRQHandler
                0x08001318                OTG_FS_WKUP_IRQHandler
                0x08001318                OTG_HS_IRQHandler
                0x08001318                TIM1_BRK_IRQHandler
                0x08001318                EXTI1_IRQHandler
                0x08001318                SDMMC2_IRQHandler
                0x08001318                OTG_FS_EP1_OUT_IRQHandler
                0x08001318                BDMA_Channel3_IRQHandler
                0x08001318                UART7_IRQHandler
                0x08001318                MDIOS_WKUP_IRQHandler
                0x08001318                USART2_IRQHandler
                0x08001318                DFSDM1_FLT0_IRQHandler
                0x08001318                SAI4_IRQHandler
                0x08001318                I2C2_ER_IRQHandler
                0x08001318                DMA2_Stream1_IRQHandler
                0x08001318                FLASH_IRQHandler
                0x08001318                DMA2_Stream4_IRQHandler
                0x08001318                USART1_IRQHandler
                0x08001318                OTG_FS_IRQHandler
                0x08001318                SPI3_IRQHandler
                0x08001318                WAKEUP_PIN_IRQHandler
                0x08001318                DMA1_Stream4_IRQHandler
                0x08001318                OTG_FS_EP1_IN_IRQHandler
                0x08001318                I2C1_ER_IRQHandler
                0x08001318                FDCAN_CAL_IRQHandler
                0x08001318                SWPMI1_IRQHandler
                0x08001318                COMP1_IRQHandler
                0x08001318                LPTIM1_IRQHandler
                0x08001318                I2C4_ER_IRQHandler
                0x08001318                DMA2_Stream6_IRQHandler
                0x08001318                SAI1_IRQHandler
                0x08001318                DMA1_Stream3_IRQHandler
 .text.stm32_lock_acquire.part.0
                0x0800131a        0xa ./Core/ThreadSafe/newlib_lock_glue.o
 .text.stm32_lock_acquire
                0x08001324       0x28 ./Core/ThreadSafe/newlib_lock_glue.o
 .text.stm32_lock_release
                0x0800134c       0x1e ./Core/ThreadSafe/newlib_lock_glue.o
 .text.__retarget_lock_init_recursive
                0x0800136a       0x24 ./Core/ThreadSafe/newlib_lock_glue.o
                0x0800136a                __retarget_lock_init_recursive
 .text.__retarget_lock_acquire
                0x0800138e       0x10 ./Core/ThreadSafe/newlib_lock_glue.o
                0x0800138e                __retarget_lock_acquire
 .text.__retarget_lock_acquire_recursive
                0x0800139e        0x4 ./Core/ThreadSafe/newlib_lock_glue.o
                0x0800139e                __retarget_lock_acquire_recursive
 .text.__retarget_lock_release
                0x080013a2       0x14 ./Core/ThreadSafe/newlib_lock_glue.o
                0x080013a2                __retarget_lock_release
 .text.__retarget_lock_release_recursive
                0x080013b6        0x4 ./Core/ThreadSafe/newlib_lock_glue.o
                0x080013b6                __retarget_lock_release_recursive
 *fill*         0x080013ba        0x2 
 .text.__cxa_guard_acquire
                0x080013bc       0x54 ./Core/ThreadSafe/newlib_lock_glue.o
                0x080013bc                __cxa_guard_acquire
 .text.__cxa_guard_abort
                0x08001410       0x28 ./Core/ThreadSafe/newlib_lock_glue.o
                0x08001410                __cxa_guard_abort
 .text.__cxa_guard_release
                0x08001438       0x20 ./Core/ThreadSafe/newlib_lock_glue.o
                0x08001438                __cxa_guard_release
 .text.DEV_Set_GPIOMode
                0x08001458       0x2c ./Core/User/Config/DEV_Config.o
                0x08001458                DEV_Set_GPIOMode
 .text.DEV_Delay_us
                0x08001484        0x2 ./Core/User/Config/DEV_Config.o
                0x08001484                DEV_Delay_us
 *fill*         0x08001486        0x2 
 .text.I2C_Start
                0x08001488       0x5c ./Core/User/GT911/Analog_I2C.o
                0x08001488                I2C_Start
 .text.I2C_Stop
                0x080014e4       0x4c ./Core/User/GT911/Analog_I2C.o
                0x080014e4                I2C_Stop
 .text.I2C_Send_Byte
                0x08001530       0x8c ./Core/User/GT911/Analog_I2C.o
                0x08001530                I2C_Send_Byte
 .text.I2C_Wait_Ack
                0x080015bc       0x64 ./Core/User/GT911/Analog_I2C.o
                0x080015bc                I2C_Wait_Ack
 .text.I2C_Ack  0x08001620       0x54 ./Core/User/GT911/Analog_I2C.o
                0x08001620                I2C_Ack
 .text.I2C_NAck
                0x08001674       0x48 ./Core/User/GT911/Analog_I2C.o
                0x08001674                I2C_NAck
 .text.I2C_Read_Byte
                0x080016bc       0x70 ./Core/User/GT911/Analog_I2C.o
                0x080016bc                I2C_Read_Byte
 .text.GT911_RD_Reg
                0x0800172c       0x5c ./Core/User/GT911/GT911.o
 .text.GT911_WR_Reg.constprop.0.isra.0
                0x08001788       0x38 ./Core/User/GT911/GT911.o
 .text.GT911_Init
                0x080017c0       0xc4 ./Core/User/GT911/GT911.o
                0x080017c0                GT911_Init
 .text.GT911_touchGFX
                0x08001884       0xe0 ./Core/User/GT911/GT911.o
                0x08001884                GT911_touchGFX
 .text.HAL_InitTick
                0x08001964       0x4c ./Drivers/STM32H7xx_HAL_Driver/Src/stm32h7xx_hal.o
                0x08001964                HAL_InitTick
 .text.HAL_Init
                0x080019b0       0x5c ./Drivers/STM32H7xx_HAL_Driver/Src/stm32h7xx_hal.o
                0x080019b0                HAL_Init
 .text.HAL_IncTick
                0x08001a0c       0x18 ./Drivers/STM32H7xx_HAL_Driver/Src/stm32h7xx_hal.o
                0x08001a0c                HAL_IncTick
 .text.HAL_GetTick
                0x08001a24        0xc ./Drivers/STM32H7xx_HAL_Driver/Src/stm32h7xx_hal.o
                0x08001a24                HAL_GetTick
 .text.HAL_Delay
                0x08001a30       0x24 ./Drivers/STM32H7xx_HAL_Driver/Src/stm32h7xx_hal.o
                0x08001a30                HAL_Delay
 .text.HAL_GetREVID
                0x08001a54        0xc ./Drivers/STM32H7xx_HAL_Driver/Src/stm32h7xx_hal.o
                0x08001a54                HAL_GetREVID
 .text.HAL_SetFMCMemorySwappingConfig
                0x08001a60       0x14 ./Drivers/STM32H7xx_HAL_Driver/Src/stm32h7xx_hal.o
                0x08001a60                HAL_SetFMCMemorySwappingConfig
 .text.HAL_NVIC_SetPriorityGrouping
                0x08001a74       0x24 ./Drivers/STM32H7xx_HAL_Driver/Src/stm32h7xx_hal_cortex.o
                0x08001a74                HAL_NVIC_SetPriorityGrouping
 .text.HAL_NVIC_SetPriority
                0x08001a98       0x64 ./Drivers/STM32H7xx_HAL_Driver/Src/stm32h7xx_hal_cortex.o
                0x08001a98                HAL_NVIC_SetPriority
 .text.HAL_NVIC_EnableIRQ
                0x08001afc       0x1c ./Drivers/STM32H7xx_HAL_Driver/Src/stm32h7xx_hal_cortex.o
                0x08001afc                HAL_NVIC_EnableIRQ
 .text.HAL_SYSTICK_Config
                0x08001b18       0x28 ./Drivers/STM32H7xx_HAL_Driver/Src/stm32h7xx_hal_cortex.o
                0x08001b18                HAL_SYSTICK_Config
 .text.HAL_CRC_Init
                0x08001b40       0x74 ./Drivers/STM32H7xx_HAL_Driver/Src/stm32h7xx_hal_crc.o
                0x08001b40                HAL_CRC_Init
 .text.HAL_CRCEx_Polynomial_Set
                0x08001bb4       0x4e ./Drivers/STM32H7xx_HAL_Driver/Src/stm32h7xx_hal_crc_ex.o
                0x08001bb4                HAL_CRCEx_Polynomial_Set
 .text.HAL_DMA2D_Init
                0x08001c02       0x7a ./Drivers/STM32H7xx_HAL_Driver/Src/stm32h7xx_hal_dma2d.o
                0x08001c02                HAL_DMA2D_Init
 .text.HAL_DMA2D_LineEventCallback
                0x08001c7c        0x2 ./Drivers/STM32H7xx_HAL_Driver/Src/stm32h7xx_hal_dma2d.o
                0x08001c7c                HAL_DMA2D_LineEventCallback
 .text.HAL_DMA2D_CLUTLoadingCpltCallback
                0x08001c7e        0x2 ./Drivers/STM32H7xx_HAL_Driver/Src/stm32h7xx_hal_dma2d.o
                0x08001c7e                HAL_DMA2D_CLUTLoadingCpltCallback
 .text.HAL_DMA2D_IRQHandler
                0x08001c80      0x114 ./Drivers/STM32H7xx_HAL_Driver/Src/stm32h7xx_hal_dma2d.o
                0x08001c80                HAL_DMA2D_IRQHandler
 .text.HAL_DMA2D_ConfigLayer
                0x08001d94       0xc0 ./Drivers/STM32H7xx_HAL_Driver/Src/stm32h7xx_hal_dma2d.o
                0x08001d94                HAL_DMA2D_ConfigLayer
 .text.HAL_GPIO_Init
                0x08001e54      0x1d0 ./Drivers/STM32H7xx_HAL_Driver/Src/stm32h7xx_hal_gpio.o
                0x08001e54                HAL_GPIO_Init
 .text.HAL_GPIO_ReadPin
                0x08002024        0xc ./Drivers/STM32H7xx_HAL_Driver/Src/stm32h7xx_hal_gpio.o
                0x08002024                HAL_GPIO_ReadPin
 .text.HAL_GPIO_WritePin
                0x08002030        0xa ./Drivers/STM32H7xx_HAL_Driver/Src/stm32h7xx_hal_gpio.o
                0x08002030                HAL_GPIO_WritePin
 .text.HAL_GPIO_TogglePin
                0x0800203a       0x12 ./Drivers/STM32H7xx_HAL_Driver/Src/stm32h7xx_hal_gpio.o
                0x0800203a                HAL_GPIO_TogglePin
 .text.HAL_GPIO_EXTI_IRQHandler
                0x0800204c       0x18 ./Drivers/STM32H7xx_HAL_Driver/Src/stm32h7xx_hal_gpio.o
                0x0800204c                HAL_GPIO_EXTI_IRQHandler
 .text.LTDC_SetConfig
                0x08002064       0xec ./Drivers/STM32H7xx_HAL_Driver/Src/stm32h7xx_hal_ltdc.o
 .text.HAL_LTDC_Init
                0x08002150       0xaa ./Drivers/STM32H7xx_HAL_Driver/Src/stm32h7xx_hal_ltdc.o
                0x08002150                HAL_LTDC_Init
 .text.HAL_LTDC_ErrorCallback
                0x080021fa        0x2 ./Drivers/STM32H7xx_HAL_Driver/Src/stm32h7xx_hal_ltdc.o
                0x080021fa                HAL_LTDC_ErrorCallback
 .text.HAL_LTDC_ReloadEventCallback
                0x080021fc        0x2 ./Drivers/STM32H7xx_HAL_Driver/Src/stm32h7xx_hal_ltdc.o
                0x080021fc                HAL_LTDC_ReloadEventCallback
 .text.HAL_LTDC_IRQHandler
                0x080021fe       0xba ./Drivers/STM32H7xx_HAL_Driver/Src/stm32h7xx_hal_ltdc.o
                0x080021fe                HAL_LTDC_IRQHandler
 .text.HAL_LTDC_ConfigLayer
                0x080022b8       0x5a ./Drivers/STM32H7xx_HAL_Driver/Src/stm32h7xx_hal_ltdc.o
                0x080022b8                HAL_LTDC_ConfigLayer
 *fill*         0x08002312        0x2 
 .text.HAL_LTDC_ProgramLineEvent
                0x08002314       0x38 ./Drivers/STM32H7xx_HAL_Driver/Src/stm32h7xx_hal_ltdc.o
                0x08002314                HAL_LTDC_ProgramLineEvent
 .text.HAL_PWREx_ConfigSupply
                0x0800234c       0x48 ./Drivers/STM32H7xx_HAL_Driver/Src/stm32h7xx_hal_pwr_ex.o
                0x0800234c                HAL_PWREx_ConfigSupply
 .text.HAL_RCC_OscConfig
                0x08002394      0x550 ./Drivers/STM32H7xx_HAL_Driver/Src/stm32h7xx_hal_rcc.o
                0x08002394                HAL_RCC_OscConfig
 .text.HAL_RCC_GetSysClockFreq
                0x080028e4      0x144 ./Drivers/STM32H7xx_HAL_Driver/Src/stm32h7xx_hal_rcc.o
                0x080028e4                HAL_RCC_GetSysClockFreq
 .text.HAL_RCC_ClockConfig
                0x08002a28      0x24c ./Drivers/STM32H7xx_HAL_Driver/Src/stm32h7xx_hal_rcc.o
                0x08002a28                HAL_RCC_ClockConfig
 .text.HAL_RCC_GetHCLKFreq
                0x08002c74       0x44 ./Drivers/STM32H7xx_HAL_Driver/Src/stm32h7xx_hal_rcc.o
                0x08002c74                HAL_RCC_GetHCLKFreq
 .text.HAL_RCC_GetPCLK1Freq
                0x08002cb8       0x24 ./Drivers/STM32H7xx_HAL_Driver/Src/stm32h7xx_hal_rcc.o
                0x08002cb8                HAL_RCC_GetPCLK1Freq
 .text.HAL_RCC_GetPCLK2Freq
                0x08002cdc       0x24 ./Drivers/STM32H7xx_HAL_Driver/Src/stm32h7xx_hal_rcc.o
                0x08002cdc                HAL_RCC_GetPCLK2Freq
 .text.RCCEx_PLL2_Config
                0x08002d00       0xec ./Drivers/STM32H7xx_HAL_Driver/Src/stm32h7xx_hal_rcc_ex.o
 .text.RCCEx_PLL3_Config
                0x08002dec       0xec ./Drivers/STM32H7xx_HAL_Driver/Src/stm32h7xx_hal_rcc_ex.o
 .text.HAL_RCCEx_PeriphCLKConfig
                0x08002ed8      0x9cc ./Drivers/STM32H7xx_HAL_Driver/Src/stm32h7xx_hal_rcc_ex.o
                0x08002ed8                HAL_RCCEx_PeriphCLKConfig
 .text.HAL_RCCEx_GetD3PCLK1Freq
                0x080038a4       0x24 ./Drivers/STM32H7xx_HAL_Driver/Src/stm32h7xx_hal_rcc_ex.o
                0x080038a4                HAL_RCCEx_GetD3PCLK1Freq
 .text.HAL_RCCEx_GetPLL2ClockFreq
                0x080038c8      0x154 ./Drivers/STM32H7xx_HAL_Driver/Src/stm32h7xx_hal_rcc_ex.o
                0x080038c8                HAL_RCCEx_GetPLL2ClockFreq
 .text.HAL_RCCEx_GetPLL3ClockFreq
                0x08003a1c      0x154 ./Drivers/STM32H7xx_HAL_Driver/Src/stm32h7xx_hal_rcc_ex.o
                0x08003a1c                HAL_RCCEx_GetPLL3ClockFreq
 .text.HAL_SDRAM_Init
                0x08003b70       0x50 ./Drivers/STM32H7xx_HAL_Driver/Src/stm32h7xx_hal_sdram.o
                0x08003b70                HAL_SDRAM_Init
 .text.HAL_SDRAM_RefreshErrorCallback
                0x08003bc0        0x2 ./Drivers/STM32H7xx_HAL_Driver/Src/stm32h7xx_hal_sdram.o
                0x08003bc0                HAL_SDRAM_RefreshErrorCallback
 .text.HAL_SDRAM_IRQHandler
                0x08003bc2       0x1c ./Drivers/STM32H7xx_HAL_Driver/Src/stm32h7xx_hal_sdram.o
                0x08003bc2                HAL_SDRAM_IRQHandler
 .text.HAL_SDRAM_SendCommand
                0x08003bde       0x3e ./Drivers/STM32H7xx_HAL_Driver/Src/stm32h7xx_hal_sdram.o
                0x08003bde                HAL_SDRAM_SendCommand
 .text.HAL_SDRAM_ProgramRefreshRate
                0x08003c1c       0x30 ./Drivers/STM32H7xx_HAL_Driver/Src/stm32h7xx_hal_sdram.o
                0x08003c1c                HAL_SDRAM_ProgramRefreshRate
 .text.TIM_OC1_SetConfig
                0x08003c4c       0x74 ./Drivers/STM32H7xx_HAL_Driver/Src/stm32h7xx_hal_tim.o
 .text.TIM_OC3_SetConfig
                0x08003cc0       0x80 ./Drivers/STM32H7xx_HAL_Driver/Src/stm32h7xx_hal_tim.o
 .text.TIM_OC4_SetConfig
                0x08003d40       0x68 ./Drivers/STM32H7xx_HAL_Driver/Src/stm32h7xx_hal_tim.o
 .text.TIM_OC5_SetConfig
                0x08003da8       0x68 ./Drivers/STM32H7xx_HAL_Driver/Src/stm32h7xx_hal_tim.o
 .text.TIM_OC6_SetConfig
                0x08003e10       0x68 ./Drivers/STM32H7xx_HAL_Driver/Src/stm32h7xx_hal_tim.o
 .text.HAL_TIM_Encoder_Start_IT
                0x08003e78       0xd8 ./Drivers/STM32H7xx_HAL_Driver/Src/stm32h7xx_hal_tim.o
                0x08003e78                HAL_TIM_Encoder_Start_IT
 .text.HAL_TIM_Encoder_Stop_IT
                0x08003f50       0x98 ./Drivers/STM32H7xx_HAL_Driver/Src/stm32h7xx_hal_tim.o
                0x08003f50                HAL_TIM_Encoder_Stop_IT
 .text.HAL_TIM_PeriodElapsedCallback
                0x08003fe8        0x2 ./Drivers/STM32H7xx_HAL_Driver/Src/stm32h7xx_hal_tim.o
                0x08003fe8                HAL_TIM_PeriodElapsedCallback
 .text.HAL_TIM_OC_DelayElapsedCallback
                0x08003fea        0x2 ./Drivers/STM32H7xx_HAL_Driver/Src/stm32h7xx_hal_tim.o
                0x08003fea                HAL_TIM_OC_DelayElapsedCallback
 .text.HAL_TIM_IC_CaptureCallback
                0x08003fec        0x2 ./Drivers/STM32H7xx_HAL_Driver/Src/stm32h7xx_hal_tim.o
                0x08003fec                HAL_TIM_IC_CaptureCallback
 .text.HAL_TIM_PWM_PulseFinishedCallback
                0x08003fee        0x2 ./Drivers/STM32H7xx_HAL_Driver/Src/stm32h7xx_hal_tim.o
                0x08003fee                HAL_TIM_PWM_PulseFinishedCallback
 .text.HAL_TIM_TriggerCallback
                0x08003ff0        0x2 ./Drivers/STM32H7xx_HAL_Driver/Src/stm32h7xx_hal_tim.o
                0x08003ff0                HAL_TIM_TriggerCallback
 .text.HAL_TIM_IRQHandler
                0x08003ff2      0x140 ./Drivers/STM32H7xx_HAL_Driver/Src/stm32h7xx_hal_tim.o
                0x08003ff2                HAL_TIM_IRQHandler
 *fill*         0x08004132        0x2 
 .text.TIM_Base_SetConfig
                0x08004134       0xa8 ./Drivers/STM32H7xx_HAL_Driver/Src/stm32h7xx_hal_tim.o
                0x08004134                TIM_Base_SetConfig
 .text.HAL_TIM_PWM_Init
                0x080041dc       0x60 ./Drivers/STM32H7xx_HAL_Driver/Src/stm32h7xx_hal_tim.o
                0x080041dc                HAL_TIM_PWM_Init
 .text.HAL_TIM_Encoder_Init
                0x0800423c       0xa8 ./Drivers/STM32H7xx_HAL_Driver/Src/stm32h7xx_hal_tim.o
                0x0800423c                HAL_TIM_Encoder_Init
 .text.TIM_OC2_SetConfig
                0x080042e4       0x80 ./Drivers/STM32H7xx_HAL_Driver/Src/stm32h7xx_hal_tim.o
                0x080042e4                TIM_OC2_SetConfig
 .text.HAL_TIM_PWM_ConfigChannel
                0x08004364       0xf8 ./Drivers/STM32H7xx_HAL_Driver/Src/stm32h7xx_hal_tim.o
                0x08004364                HAL_TIM_PWM_ConfigChannel
 .text.TIM_CCxChannelCmd
                0x0800445c       0x1c ./Drivers/STM32H7xx_HAL_Driver/Src/stm32h7xx_hal_tim.o
                0x0800445c                TIM_CCxChannelCmd
 .text.HAL_TIM_OC_Start
                0x08004478      0x120 ./Drivers/STM32H7xx_HAL_Driver/Src/stm32h7xx_hal_tim.o
                0x08004478                HAL_TIM_OC_Start
 .text.HAL_TIM_PWM_Start
                0x08004598        0x4 ./Drivers/STM32H7xx_HAL_Driver/Src/stm32h7xx_hal_tim.o
                0x08004598                HAL_TIM_PWM_Start
 .text.HAL_TIMEx_MasterConfigSynchronization
                0x0800459c       0x94 ./Drivers/STM32H7xx_HAL_Driver/Src/stm32h7xx_hal_tim_ex.o
                0x0800459c                HAL_TIMEx_MasterConfigSynchronization
 .text.HAL_TIMEx_CommutCallback
                0x08004630        0x2 ./Drivers/STM32H7xx_HAL_Driver/Src/stm32h7xx_hal_tim_ex.o
                0x08004630                HAL_TIMEx_CommutCallback
 .text.HAL_TIMEx_BreakCallback
                0x08004632        0x2 ./Drivers/STM32H7xx_HAL_Driver/Src/stm32h7xx_hal_tim_ex.o
                0x08004632                HAL_TIMEx_BreakCallback
 .text.HAL_TIMEx_Break2Callback
                0x08004634        0x2 ./Drivers/STM32H7xx_HAL_Driver/Src/stm32h7xx_hal_tim_ex.o
                0x08004634                HAL_TIMEx_Break2Callback
 *fill*         0x08004636        0x2 
 .text.UART_EndRxTransfer
                0x08004638       0x58 ./Drivers/STM32H7xx_HAL_Driver/Src/stm32h7xx_hal_uart.o
 .text.UART_SetConfig
                0x08004690      0x2f8 ./Drivers/STM32H7xx_HAL_Driver/Src/stm32h7xx_hal_uart.o
                0x08004690                UART_SetConfig
 .text.UART_AdvFeatureConfig
                0x08004988       0xaa ./Drivers/STM32H7xx_HAL_Driver/Src/stm32h7xx_hal_uart.o
                0x08004988                UART_AdvFeatureConfig
 .text.UART_WaitOnFlagUntilTimeout
                0x08004a32       0x90 ./Drivers/STM32H7xx_HAL_Driver/Src/stm32h7xx_hal_uart.o
                0x08004a32                UART_WaitOnFlagUntilTimeout
 .text.HAL_UART_Transmit
                0x08004ac2       0xaa ./Drivers/STM32H7xx_HAL_Driver/Src/stm32h7xx_hal_uart.o
                0x08004ac2                HAL_UART_Transmit
 .text.UART_CheckIdleState
                0x08004b6c       0xb6 ./Drivers/STM32H7xx_HAL_Driver/Src/stm32h7xx_hal_uart.o
                0x08004b6c                UART_CheckIdleState
 .text.HAL_UART_Init
                0x08004c22       0x60 ./Drivers/STM32H7xx_HAL_Driver/Src/stm32h7xx_hal_uart.o
                0x08004c22                HAL_UART_Init
 *fill*         0x08004c82        0x2 
 .text.UARTEx_SetNbDataToProcess
                0x08004c84       0x44 ./Drivers/STM32H7xx_HAL_Driver/Src/stm32h7xx_hal_uart_ex.o
 .text.HAL_UARTEx_DisableFifoMode
                0x08004cc8       0x36 ./Drivers/STM32H7xx_HAL_Driver/Src/stm32h7xx_hal_uart_ex.o
                0x08004cc8                HAL_UARTEx_DisableFifoMode
 .text.HAL_UARTEx_SetTxFifoThreshold
                0x08004cfe       0x40 ./Drivers/STM32H7xx_HAL_Driver/Src/stm32h7xx_hal_uart_ex.o
                0x08004cfe                HAL_UARTEx_SetTxFifoThreshold
 .text.HAL_UARTEx_SetRxFifoThreshold
                0x08004d3e       0x40 ./Drivers/STM32H7xx_HAL_Driver/Src/stm32h7xx_hal_uart_ex.o
                0x08004d3e                HAL_UARTEx_SetRxFifoThreshold
 .text.FMC_SDRAM_Init
                0x08004d7e       0x6c ./Drivers/STM32H7xx_HAL_Driver/Src/stm32h7xx_ll_fmc.o
                0x08004d7e                FMC_SDRAM_Init
 .text.FMC_SDRAM_Timing_Init
                0x08004dea       0x6c ./Drivers/STM32H7xx_HAL_Driver/Src/stm32h7xx_ll_fmc.o
                0x08004dea                FMC_SDRAM_Timing_Init
 .text.FMC_SDRAM_SendCommand
                0x08004e56       0x24 ./Drivers/STM32H7xx_HAL_Driver/Src/stm32h7xx_ll_fmc.o
                0x08004e56                FMC_SDRAM_SendCommand
 .text.FMC_SDRAM_ProgramRefreshRate
                0x08004e7a       0x10 ./Drivers/STM32H7xx_HAL_Driver/Src/stm32h7xx_ll_fmc.o
                0x08004e7a                FMC_SDRAM_ProgramRefreshRate
 .text.MX_TouchGFX_Init
                0x08004e8a        0xe ./TouchGFX/App/app_touchgfx.o
                0x08004e8a                MX_TouchGFX_Init
 .text.MX_TouchGFX_Process
                0x08004e98        0x4 ./TouchGFX/App/app_touchgfx.o
                0x08004e98                MX_TouchGFX_Process
 .text._ZN23ApplicationFontProviderD2Ev
                0x08004e9c        0x2 ./TouchGFX/generated/fonts/src/ApplicationFontProvider.o
                0x08004e9c                ApplicationFontProvider::~ApplicationFontProvider()
                0x08004e9c                ApplicationFontProvider::~ApplicationFontProvider()
 .text._ZN23ApplicationFontProvider7getFontEt
                0x08004e9e       0x36 ./TouchGFX/generated/fonts/src/ApplicationFontProvider.o
                0x08004e9e                ApplicationFontProvider::getFont(unsigned short)
 .text._ZN23ApplicationFontProviderD0Ev
                0x08004ed4        0xe ./TouchGFX/generated/fonts/src/ApplicationFontProvider.o
                0x08004ed4                ApplicationFontProvider::~ApplicationFontProvider()
 .text._ZNK8touchgfx4Font8getGlyphEt
                0x08004ee2       0x20 ./TouchGFX/generated/fonts/src/CachedFont.o
                0x08004ee2                touchgfx::Font::getGlyph(unsigned short) const
 .text._ZNK8touchgfx4Font15getFallbackCharEv
                0x08004f02        0x4 ./TouchGFX/generated/fonts/src/CachedFont.o
                0x08004f02                touchgfx::Font::getFallbackChar() const
 .text._ZNK8touchgfx4Font15getEllipsisCharEv
                0x08004f06        0x4 ./TouchGFX/generated/fonts/src/CachedFont.o
                0x08004f06                touchgfx::Font::getEllipsisChar() const
 .text._ZNK8touchgfx4Font11getBaselineEv
                0x08004f0a        0x4 ./TouchGFX/generated/fonts/src/CachedFont.o
                0x08004f0a                touchgfx::Font::getBaseline() const
 .text._ZNK8touchgfx4Font9getHeightEv
                0x08004f0e        0x4 ./TouchGFX/generated/fonts/src/CachedFont.o
                0x08004f0e                touchgfx::Font::getHeight() const
 .text._ZNK8touchgfx4Font15getBitsPerPixelEv
                0x08004f12        0x8 ./TouchGFX/generated/fonts/src/CachedFont.o
                0x08004f12                touchgfx::Font::getBitsPerPixel() const
 .text._ZNK8touchgfx4Font15getByteAlignRowEv
                0x08004f1a        0x6 ./TouchGFX/generated/fonts/src/CachedFont.o
                0x08004f1a                touchgfx::Font::getByteAlignRow() const
 .text._ZNK8touchgfx4Font17isVectorBasedFontEv
                0x08004f20        0x4 ./TouchGFX/generated/fonts/src/CachedFont.o
                0x08004f20                touchgfx::Font::isVectorBasedFont() const
 .text._ZNK8touchgfx4Font14getScaleFactorEv
                0x08004f24        0xc ./TouchGFX/generated/fonts/src/CachedFont.o
                0x08004f24                touchgfx::Font::getScaleFactor() const
 .text._ZN8touchgfx9TypedTextD2Ev
                0x08004f30        0x2 ./TouchGFX/generated/fonts/src/FontCache.o
                0x08004f30                touchgfx::TypedText::~TypedText()
                0x08004f30                touchgfx::TypedText::~TypedText()
 .text._ZN8touchgfx9TypedTextD0Ev
                0x08004f32        0xe ./TouchGFX/generated/fonts/src/FontCache.o
                0x08004f32                touchgfx::TypedText::~TypedText()
 .text._ZNK8touchgfx13GeneratedFont12getGSUBTableEv
                0x08004f40        0x4 ./TouchGFX/generated/fonts/src/GeneratedFont.o
                0x08004f40                touchgfx::GeneratedFont::getGSUBTable() const
 .text._ZNK8touchgfx13GeneratedFont23getContextualFormsTableEv
                0x08004f44        0x4 ./TouchGFX/generated/fonts/src/GeneratedFont.o
                0x08004f44                touchgfx::GeneratedFont::getContextualFormsTable() const
 .text._ZN8touchgfx13GeneratedFontD2Ev
                0x08004f48        0x2 ./TouchGFX/generated/fonts/src/GeneratedFont.o
                0x08004f48                touchgfx::GeneratedFont::~GeneratedFont()
                0x08004f48                touchgfx::GeneratedFont::~GeneratedFont()
 .text._ZNK8touchgfx13GeneratedFont12getPixelDataEPKNS_9GlyphNodeE
                0x08004f4a       0x1a ./TouchGFX/generated/fonts/src/GeneratedFont.o
                0x08004f4a                touchgfx::GeneratedFont::getPixelData(touchgfx::GlyphNode const*) const
 .text._ZNK8touchgfx13GeneratedFont10getKerningEtPKNS_9GlyphNodeE
                0x08004f64       0x3a ./TouchGFX/generated/fonts/src/GeneratedFont.o
                0x08004f64                touchgfx::GeneratedFont::getKerning(unsigned short, touchgfx::GlyphNode const*) const
 .text._ZN8touchgfx13GeneratedFontD0Ev
                0x08004f9e        0xe ./TouchGFX/generated/fonts/src/GeneratedFont.o
                0x08004f9e                touchgfx::GeneratedFont::~GeneratedFont()
 .text._ZN8touchgfx13GeneratedFontC2EPKNS_9GlyphNodeEttthhhhhhPKPKhPKNS_11KerningNodeEttPKtPKNS_24FontContextualFormsTableE
                0x08004fac       0x60 ./TouchGFX/generated/fonts/src/GeneratedFont.o
                0x08004fac                touchgfx::GeneratedFont::GeneratedFont(touchgfx::GlyphNode const*, unsigned short, unsigned short, unsigned short, unsigned char, unsigned char, unsigned char, unsigned char, unsigned char, unsigned char, unsigned char const* const*, touchgfx::KerningNode const*, unsigned short, unsigned short, unsigned short const*, touchgfx::FontContextualFormsTable const*)
                0x08004fac                touchgfx::GeneratedFont::GeneratedFont(touchgfx::GlyphNode const*, unsigned short, unsigned short, unsigned short, unsigned char, unsigned char, unsigned char, unsigned char, unsigned char, unsigned char, unsigned char const* const*, touchgfx::KerningNode const*, unsigned short, unsigned short, unsigned short const*, touchgfx::FontContextualFormsTable const*)
 .text.__tcf_0  0x0800500c        0x2 ./TouchGFX/generated/fonts/src/Table_verdana_100_4bpp.o
 *fill*         0x0800500e        0x2 
 .text._Z24getFont_verdana_100_4bppv
                0x08005010       0x78 ./TouchGFX/generated/fonts/src/Table_verdana_100_4bpp.o
                0x08005010                getFont_verdana_100_4bpp()
 .text.__tcf_0  0x08005088        0x2 ./TouchGFX/generated/fonts/src/Table_verdana_10_4bpp.o
 *fill*         0x0800508a        0x2 
 .text._Z23getFont_verdana_10_4bppv
                0x0800508c       0x74 ./TouchGFX/generated/fonts/src/Table_verdana_10_4bpp.o
                0x0800508c                getFont_verdana_10_4bpp()
 .text.__tcf_0  0x08005100        0x2 ./TouchGFX/generated/fonts/src/Table_verdana_20_4bpp.o
 *fill*         0x08005102        0x2 
 .text._Z23getFont_verdana_20_4bppv
                0x08005104       0x78 ./TouchGFX/generated/fonts/src/Table_verdana_20_4bpp.o
                0x08005104                getFont_verdana_20_4bpp()
 .text.__tcf_0  0x0800517c        0x2 ./TouchGFX/generated/fonts/src/Table_verdana_40_4bpp.o
 *fill*         0x0800517e        0x2 
 .text._Z23getFont_verdana_40_4bppv
                0x08005180       0x78 ./TouchGFX/generated/fonts/src/Table_verdana_40_4bpp.o
                0x08005180                getFont_verdana_40_4bpp()
 .text._ZN8touchgfx11Application19changeToStartScreenEv
                0x080051f8        0x2 ./TouchGFX/generated/gui_generated/src/common/FrontendApplicationBase.o
                0x080051f8                touchgfx::Application::changeToStartScreen()
 .text._ZN8touchgfx11Application15appSwitchScreenEh
                0x080051fa        0x2 ./TouchGFX/generated/gui_generated/src/common/FrontendApplicationBase.o
                0x080051fa                touchgfx::Application::appSwitchScreen(unsigned char)
 .text._ZN8touchgfx11Application13requestRedrawERNS_4RectE
                0x080051fc        0xc ./TouchGFX/generated/gui_generated/src/common/FrontendApplicationBase.o
                0x080051fc                touchgfx::Application::requestRedraw(touchgfx::Rect&)
 .text._ZN8touchgfx10Transition8tearDownEv
                0x08005208        0x2 ./TouchGFX/generated/gui_generated/src/common/FrontendApplicationBase.o
                0x08005208                touchgfx::Transition::tearDown()
 .text._ZN8touchgfx10Transition4initEv
                0x0800520a        0x2 ./TouchGFX/generated/gui_generated/src/common/FrontendApplicationBase.o
                0x0800520a                touchgfx::Transition::init()
 .text._ZN8touchgfx10Transition18setScreenContainerERNS_9ContainerE
                0x0800520c        0x4 ./TouchGFX/generated/gui_generated/src/common/FrontendApplicationBase.o
                0x0800520c                touchgfx::Transition::setScreenContainer(touchgfx::Container&)
 .text._ZN8touchgfx8CallbackI23FrontendApplicationBasevvvED2Ev
                0x08005210        0x2 ./TouchGFX/generated/gui_generated/src/common/FrontendApplicationBase.o
                0x08005210                touchgfx::Callback<FrontendApplicationBase, void, void, void>::~Callback()
                0x08005210                touchgfx::Callback<FrontendApplicationBase, void, void, void>::~Callback()
 .text._ZN23FrontendApplicationBaseD2Ev
                0x08005212        0x2 ./TouchGFX/generated/gui_generated/src/common/FrontendApplicationBase.o
                0x08005212                FrontendApplicationBase::~FrontendApplicationBase()
                0x08005212                FrontendApplicationBase::~FrontendApplicationBase()
 .text._ZN23FrontendApplicationBase19changeToStartScreenEv
                0x08005214       0x20 ./TouchGFX/generated/gui_generated/src/common/FrontendApplicationBase.o
                0x08005214                FrontendApplicationBase::changeToStartScreen()
 .text._ZN8touchgfx12NoTransition15handleTickEventEv
                0x08005234        0x6 ./TouchGFX/generated/gui_generated/src/common/FrontendApplicationBase.o
                0x08005234                touchgfx::NoTransition::handleTickEvent()
 .text._ZN8touchgfx15SlideTransitionILNS_9DirectionE2EED2Ev
                0x0800523a        0x2 ./TouchGFX/generated/gui_generated/src/common/FrontendApplicationBase.o
                0x0800523a                touchgfx::SlideTransition<(touchgfx::Direction)2>::~SlideTransition()
                0x0800523a                touchgfx::SlideTransition<(touchgfx::Direction)2>::~SlideTransition()
 .text._ZN8touchgfx12NoTransitionD2Ev
                0x0800523c        0x2 ./TouchGFX/generated/gui_generated/src/common/FrontendApplicationBase.o
                0x0800523c                touchgfx::NoTransition::~NoTransition()
                0x0800523c                touchgfx::NoTransition::~NoTransition()
 .text._ZN8touchgfx8CallbackI23FrontendApplicationBasevvvE7executeEv
                0x0800523e       0x1e ./TouchGFX/generated/gui_generated/src/common/FrontendApplicationBase.o
                0x0800523e                touchgfx::Callback<FrontendApplicationBase, void, void, void>::execute()
 .text._ZNK8touchgfx8CallbackI23FrontendApplicationBasevvvE7isValidEv
                0x0800525c       0x16 ./TouchGFX/generated/gui_generated/src/common/FrontendApplicationBase.o
                0x0800525c                touchgfx::Callback<FrontendApplicationBase, void, void, void>::isValid() const
 .text._ZN8touchgfx12NoTransitionD0Ev
                0x08005272        0xe ./TouchGFX/generated/gui_generated/src/common/FrontendApplicationBase.o
                0x08005272                touchgfx::NoTransition::~NoTransition()
 .text._ZN8touchgfx8CallbackI23FrontendApplicationBasevvvED0Ev
                0x08005280        0xe ./TouchGFX/generated/gui_generated/src/common/FrontendApplicationBase.o
                0x08005280                touchgfx::Callback<FrontendApplicationBase, void, void, void>::~Callback()
 .text._ZN23FrontendApplicationBaseD0Ev
                0x0800528e       0x10 ./TouchGFX/generated/gui_generated/src/common/FrontendApplicationBase.o
                0x0800528e                FrontendApplicationBase::~FrontendApplicationBase()
 .text._ZN8touchgfx15SlideTransitionILNS_9DirectionE2EED0Ev
                0x0800529e        0xe ./TouchGFX/generated/gui_generated/src/common/FrontendApplicationBase.o
                0x0800529e                touchgfx::SlideTransition<(touchgfx::Direction)2>::~SlideTransition()
 .text._ZN8touchgfx10Transition10invalidateEv
                0x080052ac       0x10 ./TouchGFX/generated/gui_generated/src/common/FrontendApplicationBase.o
                0x080052ac                touchgfx::Transition::invalidate()
 .text._ZN8touchgfx15SlideTransitionILNS_9DirectionE2EE8tearDownEv
                0x080052bc       0x1c ./TouchGFX/generated/gui_generated/src/common/FrontendApplicationBase.o
                0x080052bc                touchgfx::SlideTransition<(touchgfx::Direction)2>::tearDown()
 .text._ZN8touchgfx15SlideTransitionILNS_9DirectionE2EE4initEv
                0x080052d8       0x3a ./TouchGFX/generated/gui_generated/src/common/FrontendApplicationBase.o
                0x080052d8                touchgfx::SlideTransition<(touchgfx::Direction)2>::init()
 .text._ZN8touchgfx14MVPApplication29handlePendingScreenTransitionEv
                0x08005312       0x24 ./TouchGFX/generated/gui_generated/src/common/FrontendApplicationBase.o
                0x08005312                touchgfx::MVPApplication::handlePendingScreenTransition()
 .text._ZN8touchgfx15SlideTransitionILNS_9DirectionE2EE15handleTickEventEv
                0x08005336       0x72 ./TouchGFX/generated/gui_generated/src/common/FrontendApplicationBase.o
                0x08005336                touchgfx::SlideTransition<(touchgfx::Direction)2>::handleTickEvent()
 .text._ZN23FrontendApplicationBase32gotoscreenScreenNoTransitionImplEv
                0x080053a8      0x14c ./TouchGFX/generated/gui_generated/src/common/FrontendApplicationBase.o
                0x080053a8                FrontendApplicationBase::gotoscreenScreenNoTransitionImpl()
 .text._ZN8touchgfx3HAL3lcdEv
                0x080054f4       0x18 ./TouchGFX/generated/gui_generated/src/common/FrontendApplicationBase.o
                0x080054f4                touchgfx::HAL::lcd()
 .text._ZN23FrontendApplicationBaseC2ER5ModelR12FrontendHeap
                0x0800550c       0x68 ./TouchGFX/generated/gui_generated/src/common/FrontendApplicationBase.o
                0x0800550c                FrontendApplicationBase::FrontendApplicationBase(Model&, FrontendHeap&)
                0x0800550c                FrontendApplicationBase::FrontendApplicationBase(Model&, FrontendHeap&)
 .text._ZN23FrontendApplicationBase28gotoscreenScreenNoTransitionEv
                0x08005574       0x20 ./TouchGFX/generated/gui_generated/src/common/FrontendApplicationBase.o
                0x08005574                FrontendApplicationBase::gotoscreenScreenNoTransition()
 .text._ZN23FrontendApplicationBase35gotoscreenScreenSlideTransitionEastEv
                0x08005594       0x20 ./TouchGFX/generated/gui_generated/src/common/FrontendApplicationBase.o
                0x08005594                FrontendApplicationBase::gotoscreenScreenSlideTransitionEast()
 .text._ZN23FrontendApplicationBase36gotoScreen1ScreenSlideTransitionEastEv
                0x080055b4       0x20 ./TouchGFX/generated/gui_generated/src/common/FrontendApplicationBase.o
                0x080055b4                FrontendApplicationBase::gotoScreen1ScreenSlideTransitionEast()
 .text._ZN8touchgfx15SlideTransitionILNS_9DirectionE2EEC2Eh
                0x080055d4       0x74 ./TouchGFX/generated/gui_generated/src/common/FrontendApplicationBase.o
                0x080055d4                touchgfx::SlideTransition<(touchgfx::Direction)2>::SlideTransition(unsigned char)
                0x080055d4                touchgfx::SlideTransition<(touchgfx::Direction)2>::SlideTransition(unsigned char)
 .text._ZN23FrontendApplicationBase40gotoScreen1ScreenSlideTransitionEastImplEv
                0x08005648      0x13c ./TouchGFX/generated/gui_generated/src/common/FrontendApplicationBase.o
                0x08005648                FrontendApplicationBase::gotoScreen1ScreenSlideTransitionEastImpl()
 .text._ZN23FrontendApplicationBase39gotoscreenScreenSlideTransitionEastImplEv
                0x08005784      0x13c ./TouchGFX/generated/gui_generated/src/common/FrontendApplicationBase.o
                0x08005784                FrontendApplicationBase::gotoscreenScreenSlideTransitionEastImpl()
 .text._ZN8touchgfx8Drawable13getFirstChildEv
                0x080058c0        0x4 ./TouchGFX/generated/gui_generated/src/screen1_screen/Screen1ViewBase.o
                0x080058c0                touchgfx::Drawable::getFirstChild()
 .text._ZN8touchgfx8Drawable4setXEs
                0x080058c4        0x4 ./TouchGFX/generated/gui_generated/src/screen1_screen/Screen1ViewBase.o
                0x080058c4                touchgfx::Drawable::setX(short)
 .text._ZN8touchgfx8Drawable4setYEs
                0x080058c8        0x4 ./TouchGFX/generated/gui_generated/src/screen1_screen/Screen1ViewBase.o
                0x080058c8                touchgfx::Drawable::setY(short)
 .text._ZN8touchgfx8Drawable8setWidthEs
                0x080058cc        0x4 ./TouchGFX/generated/gui_generated/src/screen1_screen/Screen1ViewBase.o
                0x080058cc                touchgfx::Drawable::setWidth(short)
 .text._ZN8touchgfx8Drawable9setHeightEs
                0x080058d0        0x4 ./TouchGFX/generated/gui_generated/src/screen1_screen/Screen1ViewBase.o
                0x080058d0                touchgfx::Drawable::setHeight(short)
 .text._ZN8touchgfx8Drawable20childGeometryChangedEv
                0x080058d4        0x2 ./TouchGFX/generated/gui_generated/src/screen1_screen/Screen1ViewBase.o
                0x080058d4                touchgfx::Drawable::childGeometryChanged()
 .text._ZN8touchgfx8Drawable16handleClickEventERKNS_10ClickEventE
                0x080058d6        0x2 ./TouchGFX/generated/gui_generated/src/screen1_screen/Screen1ViewBase.o
                0x080058d6                touchgfx::Drawable::handleClickEvent(touchgfx::ClickEvent const&)
 .text._ZN8touchgfx8Drawable18handleGestureEventERKNS_12GestureEventE
                0x080058d8        0x2 ./TouchGFX/generated/gui_generated/src/screen1_screen/Screen1ViewBase.o
                0x080058d8                touchgfx::Drawable::handleGestureEvent(touchgfx::GestureEvent const&)
 .text._ZN8touchgfx8Drawable15handleDragEventERKNS_9DragEventE
                0x080058da        0x2 ./TouchGFX/generated/gui_generated/src/screen1_screen/Screen1ViewBase.o
                0x080058da                touchgfx::Drawable::handleDragEvent(touchgfx::DragEvent const&)
 .text._ZN8touchgfx8Drawable15handleTickEventEv
                0x080058dc        0x2 ./TouchGFX/generated/gui_generated/src/screen1_screen/Screen1ViewBase.o
                0x080058dc                touchgfx::Drawable::handleTickEvent()
 .text._ZN8touchgfx8Drawable6moveToEss
                0x080058de       0x18 ./TouchGFX/generated/gui_generated/src/screen1_screen/Screen1ViewBase.o
                0x080058de                touchgfx::Drawable::moveTo(short, short)
 .text._ZN8touchgfx8Drawable14setupDrawChainERKNS_4RectEPPS0_
                0x080058f6       0x14 ./TouchGFX/generated/gui_generated/src/screen1_screen/Screen1ViewBase.o
                0x080058f6                touchgfx::Drawable::setupDrawChain(touchgfx::Rect const&, touchgfx::Drawable**)
 .text._ZN8touchgfx6Screen11setupScreenEv
                0x0800590a        0x2 ./TouchGFX/generated/gui_generated/src/screen1_screen/Screen1ViewBase.o
                0x0800590a                touchgfx::Screen::setupScreen()
 .text._ZN8touchgfx6Screen15afterTransitionEv
                0x0800590c        0x2 ./TouchGFX/generated/gui_generated/src/screen1_screen/Screen1ViewBase.o
                0x0800590c                touchgfx::Screen::afterTransition()
 .text._ZN8touchgfx6Screen14tearDownScreenEv
                0x0800590e        0x2 ./TouchGFX/generated/gui_generated/src/screen1_screen/Screen1ViewBase.o
                0x0800590e                touchgfx::Screen::tearDownScreen()
 .text._ZN8touchgfx6Screen15handleTickEventEv
                0x08005910        0x2 ./TouchGFX/generated/gui_generated/src/screen1_screen/Screen1ViewBase.o
                0x08005910                touchgfx::Screen::handleTickEvent()
 .text._ZN8touchgfx6Screen14handleKeyEventEh
                0x08005912        0x2 ./TouchGFX/generated/gui_generated/src/screen1_screen/Screen1ViewBase.o
                0x08005912                touchgfx::Screen::handleKeyEvent(unsigned char)
 .text._ZN15Screen1ViewBase12toggleRelay1Ev
                0x08005914        0x2 ./TouchGFX/generated/gui_generated/src/screen1_screen/Screen1ViewBase.o
                0x08005914                Screen1ViewBase::toggleRelay1()
 .text._ZN15Screen1ViewBase12toggleRelay2Ev
                0x08005916        0x2 ./TouchGFX/generated/gui_generated/src/screen1_screen/Screen1ViewBase.o
                0x08005916                Screen1ViewBase::toggleRelay2()
 .text._ZN15Screen1ViewBase12toggleRelay3Ev
                0x08005918        0x2 ./TouchGFX/generated/gui_generated/src/screen1_screen/Screen1ViewBase.o
                0x08005918                Screen1ViewBase::toggleRelay3()
 .text._ZN15Screen1ViewBase12toggleRelay4Ev
                0x0800591a        0x2 ./TouchGFX/generated/gui_generated/src/screen1_screen/Screen1ViewBase.o
                0x0800591a                Screen1ViewBase::toggleRelay4()
 .text._ZN8touchgfx8CallbackI15Screen1ViewBaseRKNS_14AbstractButtonEvvED2Ev
                0x0800591c        0x2 ./TouchGFX/generated/gui_generated/src/screen1_screen/Screen1ViewBase.o
                0x0800591c                touchgfx::Callback<Screen1ViewBase, touchgfx::AbstractButton const&, void, void>::~Callback()
                0x0800591c                touchgfx::Callback<Screen1ViewBase, touchgfx::AbstractButton const&, void, void>::~Callback()
 .text._ZN15Screen1ViewBaseD2Ev
                0x0800591e        0x2 ./TouchGFX/generated/gui_generated/src/screen1_screen/Screen1ViewBase.o
                0x0800591e                Screen1ViewBase::~Screen1ViewBase()
                0x0800591e                Screen1ViewBase::~Screen1ViewBase()
 .text._ZN15Screen1ViewBase11setupScreenEv
                0x08005920        0x2 ./TouchGFX/generated/gui_generated/src/screen1_screen/Screen1ViewBase.o
                0x08005920                Screen1ViewBase::setupScreen()
 .text._ZN8touchgfx8CallbackI15Screen1ViewBaseRKNS_14AbstractButtonEvvE7executeES4_
                0x08005922       0x1c ./TouchGFX/generated/gui_generated/src/screen1_screen/Screen1ViewBase.o
                0x08005922                touchgfx::Callback<Screen1ViewBase, touchgfx::AbstractButton const&, void, void>::execute(touchgfx::AbstractButton const&)
 .text._ZNK8touchgfx8CallbackI15Screen1ViewBaseRKNS_14AbstractButtonEvvE7isValidEv
                0x0800593e       0x16 ./TouchGFX/generated/gui_generated/src/screen1_screen/Screen1ViewBase.o
                0x0800593e                touchgfx::Callback<Screen1ViewBase, touchgfx::AbstractButton const&, void, void>::isValid() const
 .text._ZN8touchgfx8CallbackI15Screen1ViewBaseRKNS_14AbstractButtonEvvED0Ev
                0x08005954        0xe ./TouchGFX/generated/gui_generated/src/screen1_screen/Screen1ViewBase.o
                0x08005954                touchgfx::Callback<Screen1ViewBase, touchgfx::AbstractButton const&, void, void>::~Callback()
 .text._ZN15Screen1ViewBaseD0Ev
                0x08005962       0x10 ./TouchGFX/generated/gui_generated/src/screen1_screen/Screen1ViewBase.o
                0x08005962                Screen1ViewBase::~Screen1ViewBase()
 .text._ZN15Screen1ViewBase21buttonCallbackHandlerERKN8touchgfx14AbstractButtonE
                0x08005972       0x5c ./TouchGFX/generated/gui_generated/src/screen1_screen/Screen1ViewBase.o
                0x08005972                Screen1ViewBase::buttonCallbackHandler(touchgfx::AbstractButton const&)
 .text._ZNK8touchgfx8Drawable17invalidateContentEv
                0x080059ce        0xe ./TouchGFX/generated/gui_generated/src/screen1_screen/Screen1ViewBase.o
                0x080059ce                touchgfx::Drawable::invalidateContent() const
 .text._ZN8touchgfx6Widget12getLastChildEssPPNS_8DrawableE
                0x080059dc       0x10 ./TouchGFX/generated/gui_generated/src/screen1_screen/Screen1ViewBase.o
                0x080059dc                touchgfx::Widget::getLastChild(short, short, touchgfx::Drawable**)
 .text._ZN8touchgfx8Drawable5setXYEss
                0x080059ec       0x1a ./TouchGFX/generated/gui_generated/src/screen1_screen/Screen1ViewBase.o
                0x080059ec                touchgfx::Drawable::setXY(short, short)
 .text._ZN8touchgfx8Drawable11setPositionEssss
                0x08005a06       0x26 ./TouchGFX/generated/gui_generated/src/screen1_screen/Screen1ViewBase.o
                0x08005a06                touchgfx::Drawable::setPosition(short, short, short, short)
 .text._ZN8touchgfx3BoxC2Ev
                0x08005a2c       0x2c ./TouchGFX/generated/gui_generated/src/screen1_screen/Screen1ViewBase.o
                0x08005a2c                touchgfx::Box::Box()
                0x08005a2c                touchgfx::Box::Box()
 .text._ZN8touchgfx15ButtonWithLabel18updateTextPositionEv
                0x08005a58       0x84 ./TouchGFX/generated/gui_generated/src/screen1_screen/Screen1ViewBase.o
                0x08005a58                touchgfx::ButtonWithLabel::updateTextPosition()
 .text._ZN15Screen1ViewBaseC2Ev
                0x08005adc      0x220 ./TouchGFX/generated/gui_generated/src/screen1_screen/Screen1ViewBase.o
                0x08005adc                Screen1ViewBase::Screen1ViewBase()
                0x08005adc                Screen1ViewBase::Screen1ViewBase()
 .text._ZN8touchgfx9Container13getFirstChildEv
                0x08005cfc        0x4 ./TouchGFX/generated/gui_generated/src/screen_screen/screenViewBase.o
                0x08005cfc                touchgfx::Container::getFirstChild()
 .text._ZN8touchgfx8TextArea8setWidthEs
                0x08005d00       0x22 ./TouchGFX/generated/gui_generated/src/screen_screen/screenViewBase.o
                0x08005d00                touchgfx::TextArea::setWidth(short)
 .text._ZN8touchgfx8TextArea9setHeightEs
                0x08005d22       0x22 ./TouchGFX/generated/gui_generated/src/screen_screen/screenViewBase.o
                0x08005d22                touchgfx::TextArea::setHeight(short)
 .text._ZNK8touchgfx8TextArea12getSolidRectEv
                0x08005d44        0xc ./TouchGFX/generated/gui_generated/src/screen_screen/screenViewBase.o
                0x08005d44                touchgfx::TextArea::getSolidRect() const
 .text._ZN8touchgfx8TextArea8setAlphaEh
                0x08005d50        0x6 ./TouchGFX/generated/gui_generated/src/screen_screen/screenViewBase.o
                0x08005d50                touchgfx::TextArea::setAlpha(unsigned char)
 .text._ZN8touchgfx8TextArea13setXBaselineYEss
                0x08005d56       0x1a ./TouchGFX/generated/gui_generated/src/screen_screen/screenViewBase.o
                0x08005d56                touchgfx::TextArea::setXBaselineY(short, short)
 .text._ZNK8touchgfx8TextArea12getWildcard2Ev
                0x08005d70        0x4 ./TouchGFX/generated/gui_generated/src/screen_screen/screenViewBase.o
                0x08005d70                touchgfx::TextArea::getWildcard2() const
 .text._ZNK8touchgfx23TextAreaWithOneWildcard12getWildcard1Ev
                0x08005d74        0x4 ./TouchGFX/generated/gui_generated/src/screen_screen/screenViewBase.o
                0x08005d74                touchgfx::TextAreaWithOneWildcard::getWildcard1() const
 .text._ZN14screenViewBase25Cut_Interval_Change_ValueEv
                0x08005d78        0x2 ./TouchGFX/generated/gui_generated/src/screen_screen/screenViewBase.o
                0x08005d78                screenViewBase::Cut_Interval_Change_Value()
 .text._ZN14screenViewBase28Upper_Ram_Limit_Change_ValueEv
                0x08005d7a        0x2 ./TouchGFX/generated/gui_generated/src/screen_screen/screenViewBase.o
                0x08005d7a                screenViewBase::Upper_Ram_Limit_Change_Value()
 .text._ZN14screenViewBase29Retract_Distance_Change_ValueEv
                0x08005d7c        0x2 ./TouchGFX/generated/gui_generated/src/screen_screen/screenViewBase.o
                0x08005d7c                screenViewBase::Retract_Distance_Change_Value()
 .text._ZN14screenViewBase25Finish_Depth_Change_ValueEv
                0x08005d7e        0x2 ./TouchGFX/generated/gui_generated/src/screen_screen/screenViewBase.o
                0x08005d7e                screenViewBase::Finish_Depth_Change_Value()
 .text._ZN14screenViewBase10OK_PressedEv
                0x08005d80        0x2 ./TouchGFX/generated/gui_generated/src/screen_screen/screenViewBase.o
                0x08005d80                screenViewBase::OK_Pressed()
 .text._ZN14screenViewBase15KB_Exit_PressedEv
                0x08005d82        0x2 ./TouchGFX/generated/gui_generated/src/screen_screen/screenViewBase.o
                0x08005d82                screenViewBase::KB_Exit_Pressed()
 .text._ZN14screenViewBase20Zero_Z_Encoder_ValueEv
                0x08005d84        0x2 ./TouchGFX/generated/gui_generated/src/screen_screen/screenViewBase.o
                0x08005d84                screenViewBase::Zero_Z_Encoder_Value()
 .text._ZN8touchgfx24BoxWithBorderButtonStyleINS_18ClickButtonTriggerEED2Ev
                0x08005d86        0x2 ./TouchGFX/generated/gui_generated/src/screen_screen/screenViewBase.o
                0x08005d86                touchgfx::BoxWithBorderButtonStyle<touchgfx::ClickButtonTrigger>::~BoxWithBorderButtonStyle()
                0x08005d86                touchgfx::BoxWithBorderButtonStyle<touchgfx::ClickButtonTrigger>::~BoxWithBorderButtonStyle()
 .text._ZN8touchgfx15TextButtonStyleINS_24BoxWithBorderButtonStyleINS_18ClickButtonTriggerEEEED2Ev
                0x08005d88        0x2 ./TouchGFX/generated/gui_generated/src/screen_screen/screenViewBase.o
                0x08005d88                touchgfx::TextButtonStyle<touchgfx::BoxWithBorderButtonStyle<touchgfx::ClickButtonTrigger> >::~TextButtonStyle()
                0x08005d88                touchgfx::TextButtonStyle<touchgfx::BoxWithBorderButtonStyle<touchgfx::ClickButtonTrigger> >::~TextButtonStyle()
 .text._ZN8touchgfx23TextAreaWithOneWildcardD2Ev
                0x08005d8a        0x2 ./TouchGFX/generated/gui_generated/src/screen_screen/screenViewBase.o
                0x08005d8a                touchgfx::TextAreaWithOneWildcard::~TextAreaWithOneWildcard()
                0x08005d8a                touchgfx::TextAreaWithOneWildcard::~TextAreaWithOneWildcard()
 .text._ZN8touchgfx13ClickListenerINS_24BoxWithBorderButtonStyleINS_18ClickButtonTriggerEEEED2Ev
                0x08005d8c        0x2 ./TouchGFX/generated/gui_generated/src/screen_screen/screenViewBase.o
                0x08005d8c                touchgfx::ClickListener<touchgfx::BoxWithBorderButtonStyle<touchgfx::ClickButtonTrigger> >::~ClickListener()
                0x08005d8c                touchgfx::ClickListener<touchgfx::BoxWithBorderButtonStyle<touchgfx::ClickButtonTrigger> >::~ClickListener()
 .text._ZN8touchgfx8CallbackI14screenViewBaseRKNS_23AbstractButtonContainerEvvED2Ev
                0x08005d8e        0x2 ./TouchGFX/generated/gui_generated/src/screen_screen/screenViewBase.o
                0x08005d8e                touchgfx::Callback<screenViewBase, touchgfx::AbstractButtonContainer const&, void, void>::~Callback()
                0x08005d8e                touchgfx::Callback<screenViewBase, touchgfx::AbstractButtonContainer const&, void, void>::~Callback()
 .text._ZN8touchgfx8CallbackI14screenViewBaseRKNS_14AbstractButtonEvvED2Ev
                0x08005d90        0x2 ./TouchGFX/generated/gui_generated/src/screen_screen/screenViewBase.o
                0x08005d90                touchgfx::Callback<screenViewBase, touchgfx::AbstractButton const&, void, void>::~Callback()
                0x08005d90                touchgfx::Callback<screenViewBase, touchgfx::AbstractButton const&, void, void>::~Callback()
 .text._ZN14screenViewBaseD2Ev
                0x08005d92        0x2 ./TouchGFX/generated/gui_generated/src/screen_screen/screenViewBase.o
                0x08005d92                screenViewBase::~screenViewBase()
                0x08005d92                screenViewBase::~screenViewBase()
 .text._ZN14screenViewBase11setupScreenEv
                0x08005d94        0x2 ./TouchGFX/generated/gui_generated/src/screen_screen/screenViewBase.o
                0x08005d94                screenViewBase::setupScreen()
 .text._ZN14screenViewBase25flexButtonCallbackHandlerERKN8touchgfx23AbstractButtonContainerE
                0x08005d96       0x6a ./TouchGFX/generated/gui_generated/src/screen_screen/screenViewBase.o
                0x08005d96                screenViewBase::flexButtonCallbackHandler(touchgfx::AbstractButtonContainer const&)
 .text._ZN8touchgfx24BoxWithBorderButtonStyleINS_18ClickButtonTriggerEE20handlePressedUpdatedEv
                0x08005e00       0x18 ./TouchGFX/generated/gui_generated/src/screen_screen/screenViewBase.o
                0x08005e00                touchgfx::BoxWithBorderButtonStyle<touchgfx::ClickButtonTrigger>::handlePressedUpdated()
 .text._ZN8touchgfx15TextButtonStyleINS_24BoxWithBorderButtonStyleINS_18ClickButtonTriggerEEEE20handlePressedUpdatedEv
                0x08005e18       0x1c ./TouchGFX/generated/gui_generated/src/screen_screen/screenViewBase.o
                0x08005e18                touchgfx::TextButtonStyle<touchgfx::BoxWithBorderButtonStyle<touchgfx::ClickButtonTrigger> >::handlePressedUpdated()
 .text._ZN8touchgfx8CallbackI14screenViewBaseRKNS_14AbstractButtonEvvE7executeES4_
                0x08005e34       0x1c ./TouchGFX/generated/gui_generated/src/screen_screen/screenViewBase.o
                0x08005e34                touchgfx::Callback<screenViewBase, touchgfx::AbstractButton const&, void, void>::execute(touchgfx::AbstractButton const&)
 .text._ZNK8touchgfx8CallbackI14screenViewBaseRKNS_14AbstractButtonEvvE7isValidEv
                0x08005e50       0x16 ./TouchGFX/generated/gui_generated/src/screen_screen/screenViewBase.o
                0x08005e50                touchgfx::Callback<screenViewBase, touchgfx::AbstractButton const&, void, void>::isValid() const
 .text._ZN8touchgfx8CallbackI14screenViewBaseRKNS_23AbstractButtonContainerEvvE7executeES4_
                0x08005e66       0x1c ./TouchGFX/generated/gui_generated/src/screen_screen/screenViewBase.o
                0x08005e66                touchgfx::Callback<screenViewBase, touchgfx::AbstractButtonContainer const&, void, void>::execute(touchgfx::AbstractButtonContainer const&)
 .text._ZNK8touchgfx8CallbackI14screenViewBaseRKNS_23AbstractButtonContainerEvvE7isValidEv
                0x08005e82       0x16 ./TouchGFX/generated/gui_generated/src/screen_screen/screenViewBase.o
                0x08005e82                touchgfx::Callback<screenViewBase, touchgfx::AbstractButtonContainer const&, void, void>::isValid() const
 .text._ZN8touchgfx24BoxWithBorderButtonStyleINS_18ClickButtonTriggerEE18handleAlphaUpdatedEv
                0x08005e98        0xa ./TouchGFX/generated/gui_generated/src/screen_screen/screenViewBase.o
                0x08005e98                touchgfx::BoxWithBorderButtonStyle<touchgfx::ClickButtonTrigger>::handleAlphaUpdated()
 .text._ZN8touchgfx15TextButtonStyleINS_24BoxWithBorderButtonStyleINS_18ClickButtonTriggerEEEE18handleAlphaUpdatedEv
                0x08005ea2        0xe ./TouchGFX/generated/gui_generated/src/screen_screen/screenViewBase.o
                0x08005ea2                touchgfx::TextButtonStyle<touchgfx::BoxWithBorderButtonStyle<touchgfx::ClickButtonTrigger> >::handleAlphaUpdated()
 .text._ZN8touchgfx23TextAreaWithOneWildcardD0Ev
                0x08005eb0        0xe ./TouchGFX/generated/gui_generated/src/screen_screen/screenViewBase.o
                0x08005eb0                touchgfx::TextAreaWithOneWildcard::~TextAreaWithOneWildcard()
 .text._ZN8touchgfx24BoxWithBorderButtonStyleINS_18ClickButtonTriggerEED0Ev
                0x08005ebe        0xe ./TouchGFX/generated/gui_generated/src/screen_screen/screenViewBase.o
                0x08005ebe                touchgfx::BoxWithBorderButtonStyle<touchgfx::ClickButtonTrigger>::~BoxWithBorderButtonStyle()
 .text._ZN8touchgfx15TextButtonStyleINS_24BoxWithBorderButtonStyleINS_18ClickButtonTriggerEEEED0Ev
                0x08005ecc        0xe ./TouchGFX/generated/gui_generated/src/screen_screen/screenViewBase.o
                0x08005ecc                touchgfx::TextButtonStyle<touchgfx::BoxWithBorderButtonStyle<touchgfx::ClickButtonTrigger> >::~TextButtonStyle()
 .text._ZN8touchgfx13ClickListenerINS_24BoxWithBorderButtonStyleINS_18ClickButtonTriggerEEEED0Ev
                0x08005eda        0xe ./TouchGFX/generated/gui_generated/src/screen_screen/screenViewBase.o
                0x08005eda                touchgfx::ClickListener<touchgfx::BoxWithBorderButtonStyle<touchgfx::ClickButtonTrigger> >::~ClickListener()
 .text._ZN8touchgfx8CallbackI14screenViewBaseRKNS_23AbstractButtonContainerEvvED0Ev
                0x08005ee8        0xe ./TouchGFX/generated/gui_generated/src/screen_screen/screenViewBase.o
                0x08005ee8                touchgfx::Callback<screenViewBase, touchgfx::AbstractButtonContainer const&, void, void>::~Callback()
 .text._ZN8touchgfx8CallbackI14screenViewBaseRKNS_14AbstractButtonEvvED0Ev
                0x08005ef6        0xe ./TouchGFX/generated/gui_generated/src/screen_screen/screenViewBase.o
                0x08005ef6                touchgfx::Callback<screenViewBase, touchgfx::AbstractButton const&, void, void>::~Callback()
 .text._ZN14screenViewBaseD0Ev
                0x08005f04       0x10 ./TouchGFX/generated/gui_generated/src/screen_screen/screenViewBase.o
                0x08005f04                screenViewBase::~screenViewBase()
 .text._ZNK8touchgfx24TextAreaWithWildcardBase17invalidateContentEv
                0x08005f14        0x8 ./TouchGFX/generated/gui_generated/src/screen_screen/screenViewBase.o
                0x08005f14                touchgfx::TextAreaWithWildcardBase::invalidateContent() const
 .text._ZN8touchgfx23AbstractButtonContainer13executeActionEv
                0x08005f1c       0x20 ./TouchGFX/generated/gui_generated/src/screen_screen/screenViewBase.o
                0x08005f1c                touchgfx::AbstractButtonContainer::executeAction()
 .text._ZN8touchgfx8TextArea12setBaselineYEs
                0x08005f3c       0x6c ./TouchGFX/generated/gui_generated/src/screen_screen/screenViewBase.o
                0x08005f3c                touchgfx::TextArea::setBaselineY(short)
 .text._ZN8touchgfx18ClickButtonTrigger16handleClickEventERKNS_10ClickEventE
                0x08005fa8       0x4a ./TouchGFX/generated/gui_generated/src/screen_screen/screenViewBase.o
                0x08005fa8                touchgfx::ClickButtonTrigger::handleClickEvent(touchgfx::ClickEvent const&)
 .text._ZN8touchgfx13ClickListenerINS_24BoxWithBorderButtonStyleINS_18ClickButtonTriggerEEEE16handleClickEventERKNS_10ClickEventE
                0x08005ff2       0x28 ./TouchGFX/generated/gui_generated/src/screen_screen/screenViewBase.o
                0x08005ff2                touchgfx::ClickListener<touchgfx::BoxWithBorderButtonStyle<touchgfx::ClickButtonTrigger> >::handleClickEvent(touchgfx::ClickEvent const&)
 .text._ZN14screenViewBase21buttonCallbackHandlerERKN8touchgfx14AbstractButtonE
                0x0800601a       0x2a ./TouchGFX/generated/gui_generated/src/screen_screen/screenViewBase.o
                0x0800601a                screenViewBase::buttonCallbackHandler(touchgfx::AbstractButton const&)
 .text._ZNK8touchgfx24TextAreaWithWildcardBase21calculateBoundingAreaEv
                0x08006044        0xe ./TouchGFX/generated/gui_generated/src/screen_screen/screenViewBase.o
                0x08006044                touchgfx::TextAreaWithWildcardBase::calculateBoundingArea() const
 .text._ZN8touchgfx8Drawable14setWidthHeightEss
                0x08006052       0x1a ./TouchGFX/generated/gui_generated/src/screen_screen/screenViewBase.o
                0x08006052                touchgfx::Drawable::setWidthHeight(short, short)
 .text._ZN8touchgfx6WidgetC2Ev
                0x0800606c       0x24 ./TouchGFX/generated/gui_generated/src/screen_screen/screenViewBase.o
                0x0800606c                touchgfx::Widget::Widget()
                0x0800606c                touchgfx::Widget::Widget()
 .text._ZN8touchgfx8TextAreaC2Ev
                0x08006090       0x44 ./TouchGFX/generated/gui_generated/src/screen_screen/screenViewBase.o
                0x08006090                touchgfx::TextArea::TextArea()
                0x08006090                touchgfx::TextArea::TextArea()
 .text._ZN8touchgfx23AbstractButtonContainer8setAlphaEh
                0x080060d4        0xc ./TouchGFX/generated/gui_generated/src/screen_screen/screenViewBase.o
                0x080060d4                touchgfx::AbstractButtonContainer::setAlpha(unsigned char)
 .text._ZN8touchgfx23TextAreaWithOneWildcardC2Ev
                0x080060e0       0x18 ./TouchGFX/generated/gui_generated/src/screen_screen/screenViewBase.o
                0x080060e0                touchgfx::TextAreaWithOneWildcard::TextAreaWithOneWildcard()
                0x080060e0                touchgfx::TextAreaWithOneWildcard::TextAreaWithOneWildcard()
 .text._ZN8touchgfx12ToggleButtonC2Ev
                0x080060f8       0x3c ./TouchGFX/generated/gui_generated/src/screen_screen/screenViewBase.o
                0x080060f8                touchgfx::ToggleButton::ToggleButton()
                0x080060f8                touchgfx::ToggleButton::ToggleButton()
 .text._ZN8touchgfx24BoxWithBorderButtonStyleINS_18ClickButtonTriggerEEC2Ev
                0x08006134       0x64 ./TouchGFX/generated/gui_generated/src/screen_screen/screenViewBase.o
                0x08006134                touchgfx::BoxWithBorderButtonStyle<touchgfx::ClickButtonTrigger>::BoxWithBorderButtonStyle()
                0x08006134                touchgfx::BoxWithBorderButtonStyle<touchgfx::ClickButtonTrigger>::BoxWithBorderButtonStyle()
 .text._ZN8touchgfx15TextButtonStyleINS_24BoxWithBorderButtonStyleINS_18ClickButtonTriggerEEEEC2Ev
                0x08006198       0x2c ./TouchGFX/generated/gui_generated/src/screen_screen/screenViewBase.o
                0x08006198                touchgfx::TextButtonStyle<touchgfx::BoxWithBorderButtonStyle<touchgfx::ClickButtonTrigger> >::TextButtonStyle()
                0x08006198                touchgfx::TextButtonStyle<touchgfx::BoxWithBorderButtonStyle<touchgfx::ClickButtonTrigger> >::TextButtonStyle()
 .text._ZN8touchgfx24BoxWithBorderButtonStyleINS_18ClickButtonTriggerEE22setBoxWithBorderColorsENS_9colortypeES3_S3_S3_
                0x080061c4       0x18 ./TouchGFX/generated/gui_generated/src/screen_screen/screenViewBase.o
                0x080061c4                touchgfx::BoxWithBorderButtonStyle<touchgfx::ClickButtonTrigger>::setBoxWithBorderColors(touchgfx::colortype, touchgfx::colortype, touchgfx::colortype, touchgfx::colortype)
 .text._ZN8touchgfx15TextButtonStyleINS_24BoxWithBorderButtonStyleINS_18ClickButtonTriggerEEEE7setTextENS_9TypedTextE
                0x080061dc       0x1e ./TouchGFX/generated/gui_generated/src/screen_screen/screenViewBase.o
                0x080061dc                touchgfx::TextButtonStyle<touchgfx::BoxWithBorderButtonStyle<touchgfx::ClickButtonTrigger> >::setText(touchgfx::TypedText)
 *fill*         0x080061fa        0x2 
 .text._ZN14screenViewBaseC2Ev
                0x080061fc      0xbfc ./TouchGFX/generated/gui_generated/src/screen_screen/screenViewBase.o
                0x080061fc                screenViewBase::screenViewBase()
                0x080061fc                screenViewBase::screenViewBase()
 .text._ZN14BitmapDatabase11getInstanceEv
                0x08006df8        0x8 ./TouchGFX/generated/images/src/BitmapDatabase.o
                0x08006df8                BitmapDatabase::getInstance()
 .text._ZN14BitmapDatabase15getInstanceSizeEv
                0x08006e00        0x4 ./TouchGFX/generated/images/src/BitmapDatabase.o
                0x08006e00                BitmapDatabase::getInstanceSize()
 .text._ZNK8touchgfx4Font12getGSUBTableEv
                0x08006e04        0x4 ./TouchGFX/generated/texts/src/Texts.o
                0x08006e04                touchgfx::Font::getGSUBTable() const
 .text._ZNK8touchgfx4Font23getContextualFormsTableEv
                0x08006e08        0x4 ./TouchGFX/generated/texts/src/Texts.o
                0x08006e08                touchgfx::Font::getContextualFormsTable() const
 .text._ZNK8touchgfx4Font14getStringWidthEPKtz
                0x08006e0c       0x1c ./TouchGFX/generated/texts/src/Texts.o
                0x08006e0c                touchgfx::Font::getStringWidth(unsigned short const*, ...) const
 .text._ZNK8touchgfx4Font14getStringWidthEhPKtz
                0x08006e28       0x1a ./TouchGFX/generated/texts/src/Texts.o
                0x08006e28                touchgfx::Font::getStringWidth(unsigned char, unsigned short const*, ...) const
 *fill*         0x08006e42        0x2 
 .text._ZN8touchgfx12TextProvider15getNextLigatureEh
                0x08006e44       0x84 ./TouchGFX/generated/texts/src/Texts.o
                0x08006e44                touchgfx::TextProvider::getNextLigature(unsigned char)
 .text._ZN8touchgfx12TextProvider18initializeInternalEv
                0x08006ec8        0x4 ./TouchGFX/generated/texts/src/Texts.o
                0x08006ec8                touchgfx::TextProvider::initializeInternal()
 .text._ZN8touchgfx3LCD10drawStringENS_4RectERKS1_RKNS0_13StringVisualsEPKtz
                0x08006ecc       0x22 ./TouchGFX/generated/texts/src/Texts.o
                0x08006ecc                touchgfx::LCD::drawString(touchgfx::Rect, touchgfx::Rect const&, touchgfx::LCD::StringVisuals const&, unsigned short const*, ...)
 *fill*         0x08006eee        0x2 
 .text._ZN8touchgfx5Texts11setLanguageEt
                0x08006ef0       0x78 ./TouchGFX/generated/texts/src/Texts.o
                0x08006ef0                touchgfx::Texts::setLanguage(unsigned short)
 .text._ZNK8touchgfx5Texts7getTextEt
                0x08006f68       0x1c ./TouchGFX/generated/texts/src/Texts.o
                0x08006f68                touchgfx::Texts::getText(unsigned short) const
 .text._ZN17TypedTextDatabase15getInstanceSizeEv
                0x08006f84        0x4 ./TouchGFX/generated/texts/src/TypedTextDatabase.o
                0x08006f84                TypedTextDatabase::getInstanceSize()
 .text._ZN17TypedTextDatabase8getFontsEv
                0x08006f88        0x8 ./TouchGFX/generated/texts/src/TypedTextDatabase.o
                0x08006f88                TypedTextDatabase::getFonts()