../Drivers/STM32H7xx_HAL_Driver/Src/stm32h7xx_hal_ltdc.c:2129:13:LTDC_SetConfig	20	static
../Drivers/STM32H7xx_HAL_Driver/Src/stm32h7xx_hal_ltdc.c:395:13:HAL_LTDC_MspInit	0	static
../Drivers/STM32H7xx_HAL_Driver/Src/stm32h7xx_hal_ltdc.c:219:19:HAL_LTDC_Init	16	static
../Drivers/STM32H7xx_HAL_Driver/Src/stm32h7xx_hal_ltdc.c:411:13:HAL_LTDC_MspDeInit	0	static
../Drivers/STM32H7xx_HAL_Driver/Src/stm32h7xx_hal_ltdc.c:325:19:HAL_LTDC_DeInit	16	static
../Drivers/STM32H7xx_HAL_Driver/Src/stm32h7xx_hal_ltdc.c:745:13:HAL_LTDC_ErrorCallback	0	static
../Drivers/STM32H7xx_HAL_Driver/Src/stm32h7xx_hal_ltdc.c:761:13:HAL_LTDC_LineEventCallback	0	static
../Drivers/STM32H7xx_HAL_Driver/Src/stm32h7xx_hal_ltdc.c:777:13:HAL_LTDC_ReloadEventCallback	0	static
../Drivers/STM32H7xx_HAL_Driver/Src/stm32h7xx_hal_ltdc.c:627:6:HAL_LTDC_IRQHandler	16	static
../Drivers/STM32H7xx_HAL_Driver/Src/stm32h7xx_hal_ltdc.c:827:19:HAL_LTDC_ConfigLayer	24	static
../Drivers/STM32H7xx_HAL_Driver/Src/stm32h7xx_hal_ltdc.c:877:19:HAL_LTDC_ConfigColorKeying	8	static
../Drivers/STM32H7xx_HAL_Driver/Src/stm32h7xx_hal_ltdc.c:915:19:HAL_LTDC_ConfigCLUT	20	static
../Drivers/STM32H7xx_HAL_Driver/Src/stm32h7xx_hal_ltdc.c:967:19:HAL_LTDC_EnableColorKeying	0	static
../Drivers/STM32H7xx_HAL_Driver/Src/stm32h7xx_hal_ltdc.c:1002:19:HAL_LTDC_DisableColorKeying	0	static
../Drivers/STM32H7xx_HAL_Driver/Src/stm32h7xx_hal_ltdc.c:1037:19:HAL_LTDC_EnableCLUT	0	static
../Drivers/STM32H7xx_HAL_Driver/Src/stm32h7xx_hal_ltdc.c:1072:19:HAL_LTDC_DisableCLUT	0	static
../Drivers/STM32H7xx_HAL_Driver/Src/stm32h7xx_hal_ltdc.c:1105:19:HAL_LTDC_EnableDither	0	static
../Drivers/STM32H7xx_HAL_Driver/Src/stm32h7xx_hal_ltdc.c:1132:19:HAL_LTDC_DisableDither	0	static
../Drivers/STM32H7xx_HAL_Driver/Src/stm32h7xx_hal_ltdc.c:1163:19:HAL_LTDC_SetWindowSize	24	static
../Drivers/STM32H7xx_HAL_Driver/Src/stm32h7xx_hal_ltdc.c:1219:19:HAL_LTDC_SetWindowPosition	24	static
../Drivers/STM32H7xx_HAL_Driver/Src/stm32h7xx_hal_ltdc.c:1270:19:HAL_LTDC_SetPixelFormat	16	static
../Drivers/STM32H7xx_HAL_Driver/Src/stm32h7xx_hal_ltdc.c:1315:19:HAL_LTDC_SetAlpha	16	static
../Drivers/STM32H7xx_HAL_Driver/Src/stm32h7xx_hal_ltdc.c:1359:19:HAL_LTDC_SetAddress	16	static
../Drivers/STM32H7xx_HAL_Driver/Src/stm32h7xx_hal_ltdc.c:1408:19:HAL_LTDC_SetPitch	12	static
../Drivers/STM32H7xx_HAL_Driver/Src/stm32h7xx_hal_ltdc.c:1477:19:HAL_LTDC_ProgramLineEvent	0	static
../Drivers/STM32H7xx_HAL_Driver/Src/stm32h7xx_hal_ltdc.c:1516:20:HAL_LTDC_Reload	0	static
../Drivers/STM32H7xx_HAL_Driver/Src/stm32h7xx_hal_ltdc.c:1555:19:HAL_LTDC_ConfigLayer_NoReload	24	static
../Drivers/STM32H7xx_HAL_Driver/Src/stm32h7xx_hal_ltdc.c:1605:19:HAL_LTDC_SetWindowSize_NoReload	24	static
../Drivers/STM32H7xx_HAL_Driver/Src/stm32h7xx_hal_ltdc.c:1660:19:HAL_LTDC_SetWindowPosition_NoReload	24	static
../Drivers/STM32H7xx_HAL_Driver/Src/stm32h7xx_hal_ltdc.c:1710:19:HAL_LTDC_SetPixelFormat_NoReload	16	static
../Drivers/STM32H7xx_HAL_Driver/Src/stm32h7xx_hal_ltdc.c:1753:19:HAL_LTDC_SetAlpha_NoReload	16	static
../Drivers/STM32H7xx_HAL_Driver/Src/stm32h7xx_hal_ltdc.c:1796:19:HAL_LTDC_SetAddress_NoReload	16	static
../Drivers/STM32H7xx_HAL_Driver/Src/stm32h7xx_hal_ltdc.c:1843:19:HAL_LTDC_SetPitch_NoReload	8	static
../Drivers/STM32H7xx_HAL_Driver/Src/stm32h7xx_hal_ltdc.c:1910:19:HAL_LTDC_ConfigColorKeying_NoReload	0	static
../Drivers/STM32H7xx_HAL_Driver/Src/stm32h7xx_hal_ltdc.c:1944:19:HAL_LTDC_EnableColorKeying_NoReload	0	static
../Drivers/STM32H7xx_HAL_Driver/Src/stm32h7xx_hal_ltdc.c:1977:19:HAL_LTDC_DisableColorKeying_NoReload	0	static
../Drivers/STM32H7xx_HAL_Driver/Src/stm32h7xx_hal_ltdc.c:2010:19:HAL_LTDC_EnableCLUT_NoReload	0	static
../Drivers/STM32H7xx_HAL_Driver/Src/stm32h7xx_hal_ltdc.c:2043:19:HAL_LTDC_DisableCLUT_NoReload	0	static
../Drivers/STM32H7xx_HAL_Driver/Src/stm32h7xx_hal_ltdc.c:2092:23:HAL_LTDC_GetState	0	static
../Drivers/STM32H7xx_HAL_Driver/Src/stm32h7xx_hal_ltdc.c:2103:10:HAL_LTDC_GetError	0	static
