../Middlewares/ST/touchgfx/framework/include/touchgfx/Screen.hpp:104:18:virtual void touchgfx::Screen::afterTransition()	0	static
../Middlewares/ST/touchgfx/framework/include/touchgfx/Screen.hpp:144:18:virtual void touchgfx::Screen::handleTickEvent()	0	static
../Middlewares/ST/touchgfx/framework/include/touchgfx/Screen.hpp:154:18:virtual void touchgfx::Screen::handleKeyEvent(uint8_t)	0	static
../TouchGFX/gui/src/screen1_screen/Screen1View.cpp:14:6:virtual void Screen1View::tearDownScreen()	0	static
../TouchGFX/gui/src/screen1_screen/Screen1View.cpp:32:6:virtual void Screen1View::toggleRelay1()	0	static
../TouchGFX/gui/src/screen1_screen/Screen1View.cpp:37:6:virtual void Screen1View::toggleRelay2()	0	static
../TouchGFX/gui/src/screen1_screen/Screen1View.cpp:42:6:virtual void Screen1View::toggleRelay3()	0	static
../TouchGFX/gui/src/screen1_screen/Screen1View.cpp:47:6:virtual void Screen1View::toggleRelay4()	0	static
../TouchGFX/gui/include/gui/screen1_screen/Screen1View.hpp:11:13:Screen1View::~Screen1View()	8	static
../TouchGFX/gui/include/gui/screen1_screen/Screen1View.hpp:11:13:virtual Screen1View::~Screen1View()	8	static
../TouchGFX/gui/src/screen1_screen/Screen1View.cpp:4:1:Screen1View::Screen1View()	8	static
../TouchGFX/gui/src/screen1_screen/Screen1View.cpp:9:6:virtual void Screen1View::setupScreen()	0	static
