../Middlewares/ST/touchgfx/framework/include/touchgfx/hal/Types.hpp:91:5:touchgfx::colortype::colortype(uint32_t)	16	static
../Middlewares/ST/touchgfx/framework/include/touchgfx/hal/Types.hpp:140:5:touchgfx::Rect::Rect(int16_t, int16_t, int16_t, int16_t)	24	static
../Middlewares/ST/touchgfx/framework/include/mvp/Presenter.hpp:37:18:virtual void touchgfx::Presenter::activate()	16	static
../Middlewares/ST/touchgfx/framework/include/mvp/Presenter.hpp:47:18:virtual void touchgfx::Presenter::deactivate()	16	static
../Middlewares/ST/touchgfx/framework/include/mvp/Presenter.hpp:52:13:touchgfx::Presenter::~Presenter()	16	static
../Middlewares/ST/touchgfx/framework/include/mvp/Presenter.hpp:52:13:virtual touchgfx::Presenter::~Presenter()	16	static
../Middlewares/ST/touchgfx/framework/include/mvp/Presenter.hpp:58:5:touchgfx::Presenter::Presenter()	16	static
../TouchGFX/gui/include/gui/model/ModelListener.hpp:9:5:ModelListener::ModelListener()	16	static
../TouchGFX/gui/include/gui/model/ModelListener.hpp:11:13:ModelListener::~ModelListener()	16	static
../TouchGFX/gui/include/gui/model/ModelListener.hpp:11:13:virtual ModelListener::~ModelListener()	16	static
../TouchGFX/gui/include/gui/screen_screen/screenPresenter.hpp:28:13:screenPresenter::~screenPresenter()	16	static
../TouchGFX/gui/include/gui/screen_screen/screenPresenter.hpp:28:13:virtual screenPresenter::~screenPresenter()	16	static
../Middlewares/ST/touchgfx/framework/include/touchgfx/TypedText.hpp:59:5:touchgfx::TypedText::TypedText(touchgfx::TypedTextId)	16	static
../Middlewares/ST/touchgfx/framework/include/touchgfx/TypedText.hpp:65:13:touchgfx::TypedText::~TypedText()	16	static
../Middlewares/ST/touchgfx/framework/include/touchgfx/TypedText.hpp:65:13:virtual touchgfx::TypedText::~TypedText()	16	static
../TouchGFX/gui/src/screen_screen/screenPresenter.cpp:4:1:screenPresenter::screenPresenter(screenView&)	16	static
../TouchGFX/gui/src/screen_screen/screenPresenter.cpp:10:6:virtual void screenPresenter::activate()	16	static
../TouchGFX/gui/src/screen_screen/screenPresenter.cpp:15:6:virtual void screenPresenter::deactivate()	16	static
../TouchGFX/gui/src/screen_screen/screenPresenter.cpp:18:1:void __static_initialization_and_destruction_0()	24	static
../Middlewares/ST/touchgfx/framework/include/touchgfx/widgets/Keyboard.hpp:74:12:touchgfx::Keyboard::Layout::~Layout()	16	static
../TouchGFX/gui/src/screen_screen/screenPresenter.cpp:18:1:void __static_initialization_and_destruction_1()	8	static
../TouchGFX/gui/src/screen_screen/screenPresenter.cpp:18:1:cpp)	8	static
../TouchGFX/gui/src/screen_screen/screenPresenter.cpp:18:1:cpp)	8	static
