../Middlewares/ST/touchgfx/framework/include/touchgfx/hal/HAL.hpp:117:17:static touchgfx::HAL* touchgfx::HAL::getInstance()	4	static
../Middlewares/ST/touchgfx/framework/include/touchgfx/hal/HAL.hpp:292:10:void touchgfx::HAL::lockUnlockFrameBuffer()	16	static
../TouchGFX/generated/fonts/src/CompressedUnmappedFontCache.cpp:21:5:touchgfx::{anonymous}::NibUnmapReader::NibUnmapReader(const uint8_t*, touchgfx::FlashDataReader*)	32	static
../TouchGFX/generated/fonts/src/CompressedUnmappedFontCache.cpp:35:13:uint8_t touchgfx::{anonymous}::NibUnmapReader::getNext()	32	static
../TouchGFX/generated/fonts/src/CompressedUnmappedFontCache.cpp:63:5:touchgfx::{anonymous}::NibWriter::NibWriter(uint8_t*, int)	24	static
../TouchGFX/generated/fonts/src/CompressedUnmappedFontCache.cpp:69:10:void touchgfx::{anonymous}::NibWriter::put(uint8_t)	16	static
../TouchGFX/generated/fonts/src/CompressedUnmappedFontCache.cpp:81:10:bool touchgfx::{anonymous}::NibWriter::eof()	16	static
../TouchGFX/generated/fonts/src/CompressedUnmappedFontCache.cpp:85:10:static uint8_t* touchgfx::CompressedUnmappedFontCache::decompressGlyph(uint8_t*, const touchgfx::GlyphNode*, const uint8_t*, touchgfx::FlashDataReader*)	112	static
../TouchGFX/generated/fonts/src/CompressedUnmappedFontCache.cpp:137:6:static void touchgfx::CompressedUnmappedFontCache::clearCache()	8	static
../TouchGFX/generated/fonts/src/CompressedUnmappedFontCache.cpp:146:6:static void touchgfx::CompressedUnmappedFontCache::unableToCache(const touchgfx::GlyphNode*, int)	16	static
../TouchGFX/generated/fonts/src/CompressedUnmappedFontCache.cpp:151:18:static const touchgfx::GlyphNode* touchgfx::CompressedUnmappedFontCache::hasCachedGlyphNode(const touchgfx::GlyphNode*)	24	static
../TouchGFX/generated/fonts/src/CompressedUnmappedFontCache.cpp:166:18:static const touchgfx::GlyphNode* touchgfx::CompressedUnmappedFontCache::hasCachedGlyphData(const touchgfx::GlyphNode*, const uint8_t*&)	24	static
../TouchGFX/generated/fonts/src/CompressedUnmappedFontCache.cpp:183:12:static touchgfx::GlyphNode* touchgfx::CompressedUnmappedFontCache::cacheGlyphNode(const touchgfx::GlyphNode*)	24	static
../TouchGFX/generated/fonts/src/CompressedUnmappedFontCache.cpp:200:16:static const uint8_t* touchgfx::CompressedUnmappedFontCache::cacheGlyphData(const touchgfx::GlyphNode*, const uint8_t*, touchgfx::FlashDataReader*)	72	static
