../TouchGFX/gui/include/gui/screen_screen/screenPresenter.hpp:28:13:screenPresenter::~screenPresenter()	0	static
../Middlewares/ST/touchgfx/framework/include/touchgfx/TypedText.hpp:65:13:touchgfx::TypedText::~TypedText()	0	static
../TouchGFX/gui/src/screen_screen/screenPresenter.cpp:10:6:virtual void screenPresenter::activate()	0	static
../TouchGFX/gui/include/gui/screen_screen/screenPresenter.hpp:28:13:virtual screenPresenter::~screenPresenter()	8	static
../Middlewares/ST/touchgfx/framework/include/touchgfx/TypedText.hpp:65:13:virtual touchgfx::TypedText::~TypedText()	8	static
../TouchGFX/gui/include/gui/screen_screen/screenPresenter.hpp:28:13:virtual void* screenPresenter::_ZThn4_N15screenPresenterD1Ev()	0	static
../TouchGFX/gui/src/screen_screen/screenPresenter.cpp:4:1:screenPresenter::screenPresenter(screenView&)	0	static
../TouchGFX/gui/src/screen_screen/screenPresenter.cpp:18:1:cpp)	0	static
